14:41:30 **** Build of project conv_bsp ****
make -k all 
"Running Make include in ps7_cortexa9_0/libsrc/canps_v3_0/src"
make -C ps7_cortexa9_0/libsrc/canps_v3_0/src -s include  "SHELL=CMD" "COMPILER=arm-xilinx-eabi-gcc" "ARCHIVER=arm-xilinx-eabi-ar" "COMPILER_FLAGS=  -O2 -c" "EXTRA_COMPILER_FLAGS=-g"
"Running Make include in ps7_cortexa9_0/libsrc/coresightps_dcc_v1_1/src"
make -C ps7_cortexa9_0/libsrc/coresightps_dcc_v1_1/src -s include  "SHELL=CMD" "COMPILER=arm-xilinx-eabi-gcc" "ARCHIVER=arm-xilinx-eabi-ar" "COMPILER_FLAGS=  -O2 -c" "EXTRA_COMPILER_FLAGS=-g"
"Running Make include in ps7_cortexa9_0/libsrc/cpu_cortexa9_v2_1/src"
make -C ps7_cortexa9_0/libsrc/cpu_cortexa9_v2_1/src -s include  "SHELL=CMD" "COMPILER=arm-xilinx-eabi-gcc" "ARCHIVER=arm-xilinx-eabi-ar" "COMPILER_FLAGS=  -O2 -c" "EXTRA_COMPILER_FLAGS=-g"
"Running Make include in ps7_cortexa9_0/libsrc/ddrps_v1_0/src"
make -C ps7_cortexa9_0/libsrc/ddrps_v1_0/src -s include  "SHELL=CMD" "COMPILER=arm-xilinx-eabi-gcc" "ARCHIVER=arm-xilinx-eabi-ar" "COMPILER_FLAGS=  -O2 -c" "EXTRA_COMPILER_FLAGS=-g"
"Running Make include in ps7_cortexa9_0/libsrc/devcfg_v3_3/src"
make -C ps7_cortexa9_0/libsrc/devcfg_v3_3/src -s include  "SHELL=CMD" "COMPILER=arm-xilinx-eabi-gcc" "ARCHIVER=arm-xilinx-eabi-ar" "COMPILER_FLAGS=  -O2 -c" "EXTRA_COMPILER_FLAGS=-g"
"Running Make include in ps7_cortexa9_0/libsrc/dmaps_v2_1/src"
make -C ps7_cortexa9_0/libsrc/dmaps_v2_1/src -s include  "SHELL=CMD" "COMPILER=arm-xilinx-eabi-gcc" "ARCHIVER=arm-xilinx-eabi-ar" "COMPILER_FLAGS=  -O2 -c" "EXTRA_COMPILER_FLAGS=-g"
"Running Make include in ps7_cortexa9_0/libsrc/emacps_v3_1/src"
make -C ps7_cortexa9_0/libsrc/emacps_v3_1/src -s include  "SHELL=CMD" "COMPILER=arm-xilinx-eabi-gcc" "ARCHIVER=arm-xilinx-eabi-ar" "COMPILER_FLAGS=  -O2 -c" "EXTRA_COMPILER_FLAGS=-g"
"Running Make include in ps7_cortexa9_0/libsrc/gpiops_v3_1/src"
make -C ps7_cortexa9_0/libsrc/gpiops_v3_1/src -s include  "SHELL=CMD" "COMPILER=arm-xilinx-eabi-gcc" "ARCHIVER=arm-xilinx-eabi-ar" "COMPILER_FLAGS=  -O2 -c" "EXTRA_COMPILER_FLAGS=-g"
"Running Make include in ps7_cortexa9_0/libsrc/iicps_v3_0/src"
make -C ps7_cortexa9_0/libsrc/iicps_v3_0/src -s include  "SHELL=CMD" "COMPILER=arm-xilinx-eabi-gcc" "ARCHIVER=arm-xilinx-eabi-ar" "COMPILER_FLAGS=  -O2 -c" "EXTRA_COMPILER_FLAGS=-g"
"Running Make include in ps7_cortexa9_0/libsrc/qspips_v3_2/src"
make -C ps7_cortexa9_0/libsrc/qspips_v3_2/src -s include  "SHELL=CMD" "COMPILER=arm-xilinx-eabi-gcc" "ARCHIVER=arm-xilinx-eabi-ar" "COMPILER_FLAGS=  -O2 -c" "EXTRA_COMPILER_FLAGS=-g"
"Running Make include in ps7_cortexa9_0/libsrc/scugic_v3_1/src"
make -C ps7_cortexa9_0/libsrc/scugic_v3_1/src -s include  "SHELL=CMD" "COMPILER=arm-xilinx-eabi-gcc" "ARCHIVER=arm-xilinx-eabi-ar" "COMPILER_FLAGS=  -O2 -c" "EXTRA_COMPILER_FLAGS=-g"
"Running Make include in ps7_cortexa9_0/libsrc/scutimer_v2_1/src"
make -C ps7_cortexa9_0/libsrc/scutimer_v2_1/src -s include  "SHELL=CMD" "COMPILER=arm-xilinx-eabi-gcc" "ARCHIVER=arm-xilinx-eabi-ar" "COMPILER_FLAGS=  -O2 -c" "EXTRA_COMPILER_FLAGS=-g"
"Running Make include in ps7_cortexa9_0/libsrc/scuwdt_v2_1/src"
make -C ps7_cortexa9_0/libsrc/scuwdt_v2_1/src -s include  "SHELL=CMD" "COMPILER=arm-xilinx-eabi-gcc" "ARCHIVER=arm-xilinx-eabi-ar" "COMPILER_FLAGS=  -O2 -c" "EXTRA_COMPILER_FLAGS=-g"
"Running Make include in ps7_cortexa9_0/libsrc/sdps_v2_5/src"
make -C ps7_cortexa9_0/libsrc/sdps_v2_5/src -s include  "SHELL=CMD" "COMPILER=arm-xilinx-eabi-gcc" "ARCHIVER=arm-xilinx-eabi-ar" "COMPILER_FLAGS=  -O2 -c" "EXTRA_COMPILER_FLAGS=-g"
"Running Make include in ps7_cortexa9_0/libsrc/standalone_v5_2/src"
make -C ps7_cortexa9_0/libsrc/standalone_v5_2/src -s include  "SHELL=CMD" "COMPILER=arm-xilinx-eabi-gcc" "ARCHIVER=arm-xilinx-eabi-ar" "COMPILER_FLAGS=  -O2 -c" "EXTRA_COMPILER_FLAGS=-g"
"Running Make include in ps7_cortexa9_0/libsrc/ttcps_v3_0/src"
make -C ps7_cortexa9_0/libsrc/ttcps_v3_0/src -s include  "SHELL=CMD" "COMPILER=arm-xilinx-eabi-gcc" "ARCHIVER=arm-xilinx-eabi-ar" "COMPILER_FLAGS=  -O2 -c" "EXTRA_COMPILER_FLAGS=-g"
"Running Make include in ps7_cortexa9_0/libsrc/uartps_v3_1/src"
make -C ps7_cortexa9_0/libsrc/uartps_v3_1/src -s include  "SHELL=CMD" "COMPILER=arm-xilinx-eabi-gcc" "ARCHIVER=arm-xilinx-eabi-ar" "COMPILER_FLAGS=  -O2 -c" "EXTRA_COMPILER_FLAGS=-g"
"Running Make include in ps7_cortexa9_0/libsrc/usbps_v2_2/src"
make -C ps7_cortexa9_0/libsrc/usbps_v2_2/src -s include  "SHELL=CMD" "COMPILER=arm-xilinx-eabi-gcc" "ARCHIVER=arm-xilinx-eabi-ar" "COMPILER_FLAGS=  -O2 -c" "EXTRA_COMPILER_FLAGS=-g"
"Running Make include in ps7_cortexa9_0/libsrc/xadcps_v2_2/src"
make -C ps7_cortexa9_0/libsrc/xadcps_v2_2/src -s include  "SHELL=CMD" "COMPILER=arm-xilinx-eabi-gcc" "ARCHIVER=arm-xilinx-eabi-ar" "COMPILER_FLAGS=  -O2 -c" "EXTRA_COMPILER_FLAGS=-g"
"Running Make libs in ps7_cortexa9_0/libsrc/canps_v3_0/src"
make -C ps7_cortexa9_0/libsrc/canps_v3_0/src -s libs  "SHELL=CMD" "COMPILER=arm-xilinx-eabi-gcc" "ARCHIVER=arm-xilinx-eabi-ar" "COMPILER_FLAGS=  -O2 -c" "EXTRA_COMPILER_FLAGS=-g"
"Compiling canps"
arm-xilinx-eabi-ar: creating ../../../lib/libxil.a
"Running Make libs in ps7_cortexa9_0/libsrc/coresightps_dcc_v1_1/src"
make -C ps7_cortexa9_0/libsrc/coresightps_dcc_v1_1/src -s libs  "SHELL=CMD" "COMPILER=arm-xilinx-eabi-gcc" "ARCHIVER=arm-xilinx-eabi-ar" "COMPILER_FLAGS=  -O2 -c" "EXTRA_COMPILER_FLAGS=-g"
"Compiling coresightps_dcc"
"Running Make libs in ps7_cortexa9_0/libsrc/cpu_cortexa9_v2_1/src"
make -C ps7_cortexa9_0/libsrc/cpu_cortexa9_v2_1/src -s libs  "SHELL=CMD" "COMPILER=arm-xilinx-eabi-gcc" "ARCHIVER=arm-xilinx-eabi-ar" "COMPILER_FLAGS=  -O2 -c" "EXTRA_COMPILER_FLAGS=-g"
"Compiling cpu_cortexa9"
"Running Make libs in ps7_cortexa9_0/libsrc/ddrps_v1_0/src"
make -C ps7_cortexa9_0/libsrc/ddrps_v1_0/src -s libs  "SHELL=CMD" "COMPILER=arm-xilinx-eabi-gcc" "ARCHIVER=arm-xilinx-eabi-ar" "COMPILER_FLAGS=  -O2 -c" "EXTRA_COMPILER_FLAGS=-g"
"Compiling ddrps"
"Running Make libs in ps7_cortexa9_0/libsrc/devcfg_v3_3/src"
make -C ps7_cortexa9_0/libsrc/devcfg_v3_3/src -s libs  "SHELL=CMD" "COMPILER=arm-xilinx-eabi-gcc" "ARCHIVER=arm-xilinx-eabi-ar" "COMPILER_FLAGS=  -O2 -c" "EXTRA_COMPILER_FLAGS=-g"
"Compiling devcfg"
"Running Make libs in ps7_cortexa9_0/libsrc/dmaps_v2_1/src"
make -C ps7_cortexa9_0/libsrc/dmaps_v2_1/src -s libs  "SHELL=CMD" "COMPILER=arm-xilinx-eabi-gcc" "ARCHIVER=arm-xilinx-eabi-ar" "COMPILER_FLAGS=  -O2 -c" "EXTRA_COMPILER_FLAGS=-g"
"Compiling dmaps"
"Running Make libs in ps7_cortexa9_0/libsrc/emacps_v3_1/src"
make -C ps7_cortexa9_0/libsrc/emacps_v3_1/src -s libs  "SHELL=CMD" "COMPILER=arm-xilinx-eabi-gcc" "ARCHIVER=arm-xilinx-eabi-ar" "COMPILER_FLAGS=  -O2 -c" "EXTRA_COMPILER_FLAGS=-g"
"Compiling emacps"
"Running Make libs in ps7_cortexa9_0/libsrc/gpiops_v3_1/src"
make -C ps7_cortexa9_0/libsrc/gpiops_v3_1/src -s libs  "SHELL=CMD" "COMPILER=arm-xilinx-eabi-gcc" "ARCHIVER=arm-xilinx-eabi-ar" "COMPILER_FLAGS=  -O2 -c" "EXTRA_COMPILER_FLAGS=-g"
"Compiling gpiops"
"Running Make libs in ps7_cortexa9_0/libsrc/iicps_v3_0/src"
make -C ps7_cortexa9_0/libsrc/iicps_v3_0/src -s libs  "SHELL=CMD" "COMPILER=arm-xilinx-eabi-gcc" "ARCHIVER=arm-xilinx-eabi-ar" "COMPILER_FLAGS=  -O2 -c" "EXTRA_COMPILER_FLAGS=-g"
"Compiling iicps"
"Running Make libs in ps7_cortexa9_0/libsrc/qspips_v3_2/src"
make -C ps7_cortexa9_0/libsrc/qspips_v3_2/src -s libs  "SHELL=CMD" "COMPILER=arm-xilinx-eabi-gcc" "ARCHIVER=arm-xilinx-eabi-ar" "COMPILER_FLAGS=  -O2 -c" "EXTRA_COMPILER_FLAGS=-g"
"Compiling qspips"
"Running Make libs in ps7_cortexa9_0/libsrc/scugic_v3_1/src"
make -C ps7_cortexa9_0/libsrc/scugic_v3_1/src -s libs  "SHELL=CMD" "COMPILER=arm-xilinx-eabi-gcc" "ARCHIVER=arm-xilinx-eabi-ar" "COMPILER_FLAGS=  -O2 -c" "EXTRA_COMPILER_FLAGS=-g"
"Compiling scugic"
"Running Make libs in ps7_cortexa9_0/libsrc/scutimer_v2_1/src"
make -C ps7_cortexa9_0/libsrc/scutimer_v2_1/src -s libs  "SHELL=CMD" "COMPILER=arm-xilinx-eabi-gcc" "ARCHIVER=arm-xilinx-eabi-ar" "COMPILER_FLAGS=  -O2 -c" "EXTRA_COMPILER_FLAGS=-g"
"Compiling scutimer"
"Running Make libs in ps7_cortexa9_0/libsrc/scuwdt_v2_1/src"
make -C ps7_cortexa9_0/libsrc/scuwdt_v2_1/src -s libs  "SHELL=CMD" "COMPILER=arm-xilinx-eabi-gcc" "ARCHIVER=arm-xilinx-eabi-ar" "COMPILER_FLAGS=  -O2 -c" "EXTRA_COMPILER_FLAGS=-g"
"Compiling scuwdt"
"Running Make libs in ps7_cortexa9_0/libsrc/sdps_v2_5/src"
make -C ps7_cortexa9_0/libsrc/sdps_v2_5/src -s libs  "SHELL=CMD" "COMPILER=arm-xilinx-eabi-gcc" "ARCHIVER=arm-xilinx-eabi-ar" "COMPILER_FLAGS=  -O2 -c" "EXTRA_COMPILER_FLAGS=-g"
"Compiling sdps"
"Running Make libs in ps7_cortexa9_0/libsrc/standalone_v5_2/src"
make -C ps7_cortexa9_0/libsrc/standalone_v5_2/src -s libs  "SHELL=CMD" "COMPILER=arm-xilinx-eabi-gcc" "ARCHIVER=arm-xilinx-eabi-ar" "COMPILER_FLAGS=  -O2 -c" "EXTRA_COMPILER_FLAGS=-g"
"Compiling standalone"
"Running Make libs in ps7_cortexa9_0/libsrc/ttcps_v3_0/src"
make -C ps7_cortexa9_0/libsrc/ttcps_v3_0/src -s libs  "SHELL=CMD" "COMPILER=arm-xilinx-eabi-gcc" "ARCHIVER=arm-xilinx-eabi-ar" "COMPILER_FLAGS=  -O2 -c" "EXTRA_COMPILER_FLAGS=-g"
"Compiling ttcps"
"Running Make libs in ps7_cortexa9_0/libsrc/uartps_v3_1/src"
make -C ps7_cortexa9_0/libsrc/uartps_v3_1/src -s libs  "SHELL=CMD" "COMPILER=arm-xilinx-eabi-gcc" "ARCHIVER=arm-xilinx-eabi-ar" "COMPILER_FLAGS=  -O2 -c" "EXTRA_COMPILER_FLAGS=-g"
"Compiling uartps"
"Running Make libs in ps7_cortexa9_0/libsrc/usbps_v2_2/src"
make -C ps7_cortexa9_0/libsrc/usbps_v2_2/src -s libs  "SHELL=CMD" "COMPILER=arm-xilinx-eabi-gcc" "ARCHIVER=arm-xilinx-eabi-ar" "COMPILER_FLAGS=  -O2 -c" "EXTRA_COMPILER_FLAGS=-g"
"Compiling usbps"
"Running Make libs in ps7_cortexa9_0/libsrc/xadcps_v2_2/src"
make -C ps7_cortexa9_0/libsrc/xadcps_v2_2/src -s libs  "SHELL=CMD" "COMPILER=arm-xilinx-eabi-gcc" "ARCHIVER=arm-xilinx-eabi-ar" "COMPILER_FLAGS=  -O2 -c" "EXTRA_COMPILER_FLAGS=-g"
"Compiling xadcps"
'Finished building libraries'
14:42:17 **** Build of configuration Debug for project conv ****
make all 
'Building file: ../src/helloworld.c'
'Invoking: ARM gcc compiler'
arm-xilinx-eabi-gcc -Wall -O0 -g3 -c -fmessage-length=0 -MT"src/helloworld.o" -I../../conv_bsp/ps7_cortexa9_0/include -MMD -MP -MF"src/helloworld.d" -MT"src/helloworld.d" -o "src/helloworld.o" "../src/helloworld.c"
'Finished building: ../src/helloworld.c'
' '
'Building file: ../src/platform.c'
'Invoking: ARM gcc compiler'
arm-xilinx-eabi-gcc -Wall -O0 -g3 -c -fmessage-length=0 -MT"src/platform.o" -I../../conv_bsp/ps7_cortexa9_0/include -MMD -MP -MF"src/platform.d" -MT"src/platform.d" -o "src/platform.o" "../src/platform.c"
'Finished building: ../src/platform.c'
' '
'Building target: conv.elf'
'Invoking: ARM gcc linker'
arm-xilinx-eabi-gcc -Wl,-T -Wl,../src/lscript.ld -L../../conv_bsp/ps7_cortexa9_0/lib -o "conv.elf"  ./src/helloworld.o ./src/platform.o   -Wl,--start-group,-lxil,-lgcc,-lc,--end-group
'Finished building target: conv.elf'
' '
'Invoking: ARM Print Size'
arm-xilinx-eabi-size conv.elf  |tee "conv.elf.size"
   text	   data	    bss	    dec	    hex	filename
  22888	   1152	  22564	  46604	   b60c	conv.elf
'Finished building: conv.elf.size'
' '
15:34:58 **** Build of project standalone_bsp_0 ****
make -k all 
"Running Make include in ps7_cortexa9_0/libsrc/axidma_v9_0/src"
make -C ps7_cortexa9_0/libsrc/axidma_v9_0/src -s include  "SHELL=CMD" "COMPILER=arm-xilinx-eabi-gcc" "ARCHIVER=arm-xilinx-eabi-ar" "COMPILER_FLAGS=  -O2 -c" "EXTRA_COMPILER_FLAGS=-g"
"Running Make include in ps7_cortexa9_0/libsrc/coresightps_dcc_v1_1/src"
make -C ps7_cortexa9_0/libsrc/coresightps_dcc_v1_1/src -s include  "SHELL=CMD" "COMPILER=arm-xilinx-eabi-gcc" "ARCHIVER=arm-xilinx-eabi-ar" "COMPILER_FLAGS=  -O2 -c" "EXTRA_COMPILER_FLAGS=-g"
"Running Make include in ps7_cortexa9_0/libsrc/cpu_cortexa9_v2_1/src"
make -C ps7_cortexa9_0/libsrc/cpu_cortexa9_v2_1/src -s include  "SHELL=CMD" "COMPILER=arm-xilinx-eabi-gcc" "ARCHIVER=arm-xilinx-eabi-ar" "COMPILER_FLAGS=  -O2 -c" "EXTRA_COMPILER_FLAGS=-g"
"Running Make include in ps7_cortexa9_0/libsrc/ddrps_v1_0/src"
make -C ps7_cortexa9_0/libsrc/ddrps_v1_0/src -s include  "SHELL=CMD" "COMPILER=arm-xilinx-eabi-gcc" "ARCHIVER=arm-xilinx-eabi-ar" "COMPILER_FLAGS=  -O2 -c" "EXTRA_COMPILER_FLAGS=-g"
"Running Make include in ps7_cortexa9_0/libsrc/devcfg_v3_3/src"
make -C ps7_cortexa9_0/libsrc/devcfg_v3_3/src -s include  "SHELL=CMD" "COMPILER=arm-xilinx-eabi-gcc" "ARCHIVER=arm-xilinx-eabi-ar" "COMPILER_FLAGS=  -O2 -c" "EXTRA_COMPILER_FLAGS=-g"
"Running Make include in ps7_cortexa9_0/libsrc/dmaps_v2_1/src"
make -C ps7_cortexa9_0/libsrc/dmaps_v2_1/src -s include  "SHELL=CMD" "COMPILER=arm-xilinx-eabi-gcc" "ARCHIVER=arm-xilinx-eabi-ar" "COMPILER_FLAGS=  -O2 -c" "EXTRA_COMPILER_FLAGS=-g"
"Running Make include in ps7_cortexa9_0/libsrc/doGain_v1_0/src"
make -C ps7_cortexa9_0/libsrc/doGain_v1_0/src -s include  "SHELL=CMD" "COMPILER=arm-xilinx-eabi-gcc" "ARCHIVER=arm-xilinx-eabi-ar" "COMPILER_FLAGS=  -O2 -c" "EXTRA_COMPILER_FLAGS=-g"
"Running Make include in ps7_cortexa9_0/libsrc/scugic_v3_1/src"
make -C ps7_cortexa9_0/libsrc/scugic_v3_1/src -s include  "SHELL=CMD" "COMPILER=arm-xilinx-eabi-gcc" "ARCHIVER=arm-xilinx-eabi-ar" "COMPILER_FLAGS=  -O2 -c" "EXTRA_COMPILER_FLAGS=-g"
"Running Make include in ps7_cortexa9_0/libsrc/scutimer_v2_1/src"
make -C ps7_cortexa9_0/libsrc/scutimer_v2_1/src -s include  "SHELL=CMD" "COMPILER=arm-xilinx-eabi-gcc" "ARCHIVER=arm-xilinx-eabi-ar" "COMPILER_FLAGS=  -O2 -c" "EXTRA_COMPILER_FLAGS=-g"
"Running Make include in ps7_cortexa9_0/libsrc/scuwdt_v2_1/src"
make -C ps7_cortexa9_0/libsrc/scuwdt_v2_1/src -s include  "SHELL=CMD" "COMPILER=arm-xilinx-eabi-gcc" "ARCHIVER=arm-xilinx-eabi-ar" "COMPILER_FLAGS=  -O2 -c" "EXTRA_COMPILER_FLAGS=-g"
"Running Make include in ps7_cortexa9_0/libsrc/standalone_v5_2/src"
make -C ps7_cortexa9_0/libsrc/standalone_v5_2/src -s include  "SHELL=CMD" "COMPILER=arm-xilinx-eabi-gcc" "ARCHIVER=arm-xilinx-eabi-ar" "COMPILER_FLAGS=  -O2 -c" "EXTRA_COMPILER_FLAGS=-g"
"Running Make include in ps7_cortexa9_0/libsrc/uartps_v3_1/src"
make -C ps7_cortexa9_0/libsrc/uartps_v3_1/src -s include  "SHELL=CMD" "COMPILER=arm-xilinx-eabi-gcc" "ARCHIVER=arm-xilinx-eabi-ar" "COMPILER_FLAGS=  -O2 -c" "EXTRA_COMPILER_FLAGS=-g"
"Running Make include in ps7_cortexa9_0/libsrc/xadcps_v2_2/src"
make -C ps7_cortexa9_0/libsrc/xadcps_v2_2/src -s include  "SHELL=CMD" "COMPILER=arm-xilinx-eabi-gcc" "ARCHIVER=arm-xilinx-eabi-ar" "COMPILER_FLAGS=  -O2 -c" "EXTRA_COMPILER_FLAGS=-g"
"Running Make libs in ps7_cortexa9_0/libsrc/axidma_v9_0/src"
make -C ps7_cortexa9_0/libsrc/axidma_v9_0/src -s libs  "SHELL=CMD" "COMPILER=arm-xilinx-eabi-gcc" "ARCHIVER=arm-xilinx-eabi-ar" "COMPILER_FLAGS=  -O2 -c" "EXTRA_COMPILER_FLAGS=-g"
"Compiling axidma"
In file included from xaxidma.h:470:0,
                 from xaxidma.c:83:
xaxidma.c: In function 'XAxiDma_Reset':
xaxidma_bdring.h:238:26: warning: assignment makes pointer from integer without a cast
    (RingPtr)->BdaRestart =      \
                          ^
xaxidma.c:313:3: note: in expansion of macro 'XAxiDma_BdRingSnapShotCurrBd'
   XAxiDma_BdRingSnapShotCurrBd(TxRingPtr);
   ^
xaxidma_bdring.h:243:27: warning: assignment makes pointer from integer without a cast
     (RingPtr)->BdaRestart =     \
                           ^
xaxidma.c:313:3: note: in expansion of macro 'XAxiDma_BdRingSnapShotCurrBd'
   XAxiDma_BdRingSnapShotCurrBd(TxRingPtr);
   ^
xaxidma_bdring.h:248:27: warning: assignment makes pointer from integer without a cast
     (RingPtr)->BdaRestart =     \
                           ^
xaxidma.c:313:3: note: in expansion of macro 'XAxiDma_BdRingSnapShotCurrBd'
   XAxiDma_BdRingSnapShotCurrBd(TxRingPtr);
   ^
xaxidma_bdring.h:238:26: warning: assignment makes pointer from integer without a cast
    (RingPtr)->BdaRestart =      \
                          ^
xaxidma.c:319:4: note: in expansion of macro 'XAxiDma_BdRingSnapShotCurrBd'
    XAxiDma_BdRingSnapShotCurrBd(RxRingPtr);
    ^
xaxidma_bdring.h:243:27: warning: assignment makes pointer from integer without a cast
     (RingPtr)->BdaRestart =     \
                           ^
xaxidma.c:319:4: note: in expansion of macro 'XAxiDma_BdRingSnapShotCurrBd'
    XAxiDma_BdRingSnapShotCurrBd(RxRingPtr);
    ^
xaxidma_bdring.h:248:27: warning: assignment makes pointer from integer without a cast
     (RingPtr)->BdaRestart =     \
                           ^
xaxidma.c:319:4: note: in expansion of macro 'XAxiDma_BdRingSnapShotCurrBd'
    XAxiDma_BdRingSnapShotCurrBd(RxRingPtr);
    ^
arm-xilinx-eabi-ar: creating ../../../lib/libxil.a
"Running Make libs in ps7_cortexa9_0/libsrc/coresightps_dcc_v1_1/src"
make -C ps7_cortexa9_0/libsrc/coresightps_dcc_v1_1/src -s libs  "SHELL=CMD" "COMPILER=arm-xilinx-eabi-gcc" "ARCHIVER=arm-xilinx-eabi-ar" "COMPILER_FLAGS=  -O2 -c" "EXTRA_COMPILER_FLAGS=-g"
"Compiling coresightps_dcc"
"Running Make libs in ps7_cortexa9_0/libsrc/cpu_cortexa9_v2_1/src"
make -C ps7_cortexa9_0/libsrc/cpu_cortexa9_v2_1/src -s libs  "SHELL=CMD" "COMPILER=arm-xilinx-eabi-gcc" "ARCHIVER=arm-xilinx-eabi-ar" "COMPILER_FLAGS=  -O2 -c" "EXTRA_COMPILER_FLAGS=-g"
"Compiling cpu_cortexa9"
"Running Make libs in ps7_cortexa9_0/libsrc/ddrps_v1_0/src"
make -C ps7_cortexa9_0/libsrc/ddrps_v1_0/src -s libs  "SHELL=CMD" "COMPILER=arm-xilinx-eabi-gcc" "ARCHIVER=arm-xilinx-eabi-ar" "COMPILER_FLAGS=  -O2 -c" "EXTRA_COMPILER_FLAGS=-g"
"Compiling ddrps"
"Running Make libs in ps7_cortexa9_0/libsrc/devcfg_v3_3/src"
make -C ps7_cortexa9_0/libsrc/devcfg_v3_3/src -s libs  "SHELL=CMD" "COMPILER=arm-xilinx-eabi-gcc" "ARCHIVER=arm-xilinx-eabi-ar" "COMPILER_FLAGS=  -O2 -c" "EXTRA_COMPILER_FLAGS=-g"
"Compiling devcfg"
"Running Make libs in ps7_cortexa9_0/libsrc/dmaps_v2_1/src"
make -C ps7_cortexa9_0/libsrc/dmaps_v2_1/src -s libs  "SHELL=CMD" "COMPILER=arm-xilinx-eabi-gcc" "ARCHIVER=arm-xilinx-eabi-ar" "COMPILER_FLAGS=  -O2 -c" "EXTRA_COMPILER_FLAGS=-g"
"Compiling dmaps"
"Running Make libs in ps7_cortexa9_0/libsrc/doGain_v1_0/src"
make -C ps7_cortexa9_0/libsrc/doGain_v1_0/src -s libs  "SHELL=CMD" "COMPILER=arm-xilinx-eabi-gcc" "ARCHIVER=arm-xilinx-eabi-ar" "COMPILER_FLAGS=  -O2 -c" "EXTRA_COMPILER_FLAGS=-g"
"Compiling doGain"
"Running Make libs in ps7_cortexa9_0/libsrc/scugic_v3_1/src"
make -C ps7_cortexa9_0/libsrc/scugic_v3_1/src -s libs  "SHELL=CMD" "COMPILER=arm-xilinx-eabi-gcc" "ARCHIVER=arm-xilinx-eabi-ar" "COMPILER_FLAGS=  -O2 -c" "EXTRA_COMPILER_FLAGS=-g"
"Compiling scugic"
"Running Make libs in ps7_cortexa9_0/libsrc/scutimer_v2_1/src"
make -C ps7_cortexa9_0/libsrc/scutimer_v2_1/src -s libs  "SHELL=CMD" "COMPILER=arm-xilinx-eabi-gcc" "ARCHIVER=arm-xilinx-eabi-ar" "COMPILER_FLAGS=  -O2 -c" "EXTRA_COMPILER_FLAGS=-g"
"Compiling scutimer"
"Running Make libs in ps7_cortexa9_0/libsrc/scuwdt_v2_1/src"
make -C ps7_cortexa9_0/libsrc/scuwdt_v2_1/src -s libs  "SHELL=CMD" "COMPILER=arm-xilinx-eabi-gcc" "ARCHIVER=arm-xilinx-eabi-ar" "COMPILER_FLAGS=  -O2 -c" "EXTRA_COMPILER_FLAGS=-g"
"Compiling scuwdt"
"Running Make libs in ps7_cortexa9_0/libsrc/standalone_v5_2/src"
make -C ps7_cortexa9_0/libsrc/standalone_v5_2/src -s libs  "SHELL=CMD" "COMPILER=arm-xilinx-eabi-gcc" "ARCHIVER=arm-xilinx-eabi-ar" "COMPILER_FLAGS=  -O2 -c" "EXTRA_COMPILER_FLAGS=-g"
"Compiling standalone"
"Running Make libs in ps7_cortexa9_0/libsrc/uartps_v3_1/src"
make -C ps7_cortexa9_0/libsrc/uartps_v3_1/src -s libs  "SHELL=CMD" "COMPILER=arm-xilinx-eabi-gcc" "ARCHIVER=arm-xilinx-eabi-ar" "COMPILER_FLAGS=  -O2 -c" "EXTRA_COMPILER_FLAGS=-g"
"Compiling uartps"
"Running Make libs in ps7_cortexa9_0/libsrc/xadcps_v2_2/src"
make -C ps7_cortexa9_0/libsrc/xadcps_v2_2/src -s libs  "SHELL=CMD" "COMPILER=arm-xilinx-eabi-gcc" "ARCHIVER=arm-xilinx-eabi-ar" "COMPILER_FLAGS=  -O2 -c" "EXTRA_COMPILER_FLAGS=-g"
"Compiling xadcps"
'Finished building libraries'
15:35:28 **** Build of configuration Debug for project conv ****
make all 
'Building file: ../src/helloworld.c'
'Invoking: ARM gcc compiler'
arm-xilinx-eabi-gcc -Wall -O0 -g3 -c -fmessage-length=0 -MT"src/helloworld.o" -I../../standalone_bsp_0/ps7_cortexa9_0/include -MMD -MP -MF"src/helloworld.d" -MT"src/helloworld.d" -o "src/helloworld.o" "../src/helloworld.c"
'Finished building: ../src/helloworld.c'
' '
'Building file: ../src/platform.c'
'Invoking: ARM gcc compiler'
arm-xilinx-eabi-gcc -Wall -O0 -g3 -c -fmessage-length=0 -MT"src/platform.o" -I../../standalone_bsp_0/ps7_cortexa9_0/include -MMD -MP -MF"src/platform.d" -MT"src/platform.d" -o "src/platform.o" "../src/platform.c"
'Finished building: ../src/platform.c'
' '
'Building target: conv.elf'
'Invoking: ARM gcc linker'
arm-xilinx-eabi-gcc -Wl,-T -Wl,../src/lscript.ld -L../../standalone_bsp_0/ps7_cortexa9_0/lib -o "conv.elf"  ./src/helloworld.o ./src/platform.o   -Wl,--start-group,-lxil,-lgcc,-lc,--end-group
'Finished building target: conv.elf'
' '
'Invoking: ARM Print Size'
arm-xilinx-eabi-size conv.elf  |tee "conv.elf.size"
   text	   data	    bss	    dec	    hex	filename
  22888	   1152	  22564	  46604	   b60c	conv.elf
'Finished building: conv.elf.size'
' '
15:35:53 **** Incremental Build of configuration Debug for project conv ****
make all 
make: `all'를 위해 할 일이 없습니다
15:37:20 **** Incremental Build of configuration Release for project conv ****
make all 
'Building file: ../src/helloworld.c'
'Invoking: ARM gcc compiler'
arm-xilinx-eabi-gcc -Wall -O2 -c -fmessage-length=0 -MT"src/helloworld.o" -I../../standalone_bsp_0/ps7_cortexa9_0/include -MMD -MP -MF"src/helloworld.d" -MT"src/helloworld.d" -o "src/helloworld.o" "../src/helloworld.c"
'Finished building: ../src/helloworld.c'
' '
'Building file: ../src/platform.c'
'Invoking: ARM gcc compiler'
arm-xilinx-eabi-gcc -Wall -O2 -c -fmessage-length=0 -MT"src/platform.o" -I../../standalone_bsp_0/ps7_cortexa9_0/include -MMD -MP -MF"src/platform.d" -MT"src/platform.d" -o "src/platform.o" "../src/platform.c"
'Finished building: ../src/platform.c'
' '
'Building target: conv.elf'
'Invoking: ARM gcc linker'
arm-xilinx-eabi-gcc -Wl,-T -Wl,../src/lscript.ld -L../../standalone_bsp_0/ps7_cortexa9_0/lib -o "conv.elf"  ./src/helloworld.o ./src/platform.o   -Wl,--start-group,-lxil,-lgcc,-lc,--end-group
'Finished building target: conv.elf'
' '
'Invoking: ARM Print Size'
arm-xilinx-eabi-size conv.elf  |tee "conv.elf.size"
   text	   data	    bss	    dec	    hex	filename
  22828	   1152	  22564	  46544	   b5d0	conv.elf
'Finished building: conv.elf.size'
' '
15:37:37 **** Incremental Build of configuration Release for project conv ****
make all 
make: `all'를 위해 할 일이 없습니다
15:38:15 **** Incremental Build of configuration Release for project conv ****
make all 
make: `all'를 위해 할 일이 없습니다
15:38:59 **** Incremental Build of configuration Release for project conv ****
make all 
make: `all'를 위해 할 일이 없습니다
15:39:15 **** Incremental Build of configuration Debug for project conv ****
make all 
make: `all'를 위해 할 일이 없습니다
15:40:08 **** Incremental Build of configuration Debug for project conv ****
make all 
make: `all'를 위해 할 일이 없습니다
15:41:27 **** Clean-only build of configuration Release for project conv ****
make clean 
rm -rf  ./src/helloworld.o ./src/platform.o  ./src/helloworld.d ./src/platform.d  conv.elf.size  conv.elf
' '
15:41:28 **** Incremental Build of configuration Release for project conv ****
make all 
'Building file: ../src/helloworld.c'
'Invoking: ARM gcc compiler'
arm-xilinx-eabi-gcc -Wall -O2 -c -fmessage-length=0 -MT"src/helloworld.o" -I../../standalone_bsp_0/ps7_cortexa9_0/include -MMD -MP -MF"src/helloworld.d" -MT"src/helloworld.d" -o "src/helloworld.o" "../src/helloworld.c"
'Finished building: ../src/helloworld.c'
' '
'Building file: ../src/platform.c'
'Invoking: ARM gcc compiler'
arm-xilinx-eabi-gcc -Wall -O2 -c -fmessage-length=0 -MT"src/platform.o" -I../../standalone_bsp_0/ps7_cortexa9_0/include -MMD -MP -MF"src/platform.d" -MT"src/platform.d" -o "src/platform.o" "../src/platform.c"
'Finished building: ../src/platform.c'
' '
'Building target: conv.elf'
'Invoking: ARM gcc linker'
arm-xilinx-eabi-gcc -Wl,-T -Wl,../src/lscript.ld -L../../standalone_bsp_0/ps7_cortexa9_0/lib -o "conv.elf"  ./src/helloworld.o ./src/platform.o   -Wl,--start-group,-lxil,-lgcc,-lc,--end-group
'Finished building target: conv.elf'
' '
'Invoking: ARM Print Size'
arm-xilinx-eabi-size conv.elf  |tee "conv.elf.size"
   text	   data	    bss	    dec	    hex	filename
  22828	   1152	  22564	  46544	   b5d0	conv.elf
'Finished building: conv.elf.size'
' '
15:42:47 **** Auto Build of configuration Release for project conv ****
make all 
'Building target: conv.elf'
'Invoking: ARM gcc linker'
arm-xilinx-eabi-gcc -Wl,-T -Wl,../src/lscript.ld -L../../standalone_bsp_0/ps7_cortexa9_0/lib -o "conv.elf"  ./src/helloworld.o ./src/platform.o   -Wl,--start-group,-lxil,-lgcc,-lc,--end-group
'Finished building target: conv.elf'
' '
'Invoking: ARM Print Size'
arm-xilinx-eabi-size conv.elf  |tee "conv.elf.size"
   text	   data	    bss	    dec	    hex	filename
  22828	   1152	  30756	  54736	   d5d0	conv.elf
'Finished building: conv.elf.size'
' '
15:42:54 **** Incremental Build of configuration Release for project conv ****
make all 
make: `all'를 위해 할 일이 없습니다
16:17:31 **** Clean-only build of configuration Release for project conv ****
make clean 
rm -rf  ./src/helloworld.o ./src/platform.o  ./src/helloworld.d ./src/platform.d  conv.elf.size  conv.elf
' '
16:17:32 **** Auto Build of configuration Release for project conv ****
make all 
'Building file: ../src/platform.c'
'Invoking: ARM gcc compiler'
arm-xilinx-eabi-gcc -Wall -O2 -c -fmessage-length=0 -MT"src/platform.o" -I../../standalone_bsp_0/ps7_cortexa9_0/include -MMD -MP -MF"src/platform.d" -MT"src/platform.d" -o "src/platform.o" "../src/platform.c"
'Finished building: ../src/platform.c'
' '
'Building target: conv.elf'
'Invoking: ARM gcc linker'
arm-xilinx-eabi-gcc -Wl,-T -Wl,../src/lscript.ld -L../../standalone_bsp_0/ps7_cortexa9_0/lib -o "conv.elf"  ./src/platform.o   -Wl,--start-group,-lxil,-lgcc,-lc,--end-group
../../standalone_bsp_0/ps7_cortexa9_0/lib\libxil.a(xil-crt0.o): In function `_start':
C:\Users\user\Desktop\project_1\project_1.sdk\standalone_bsp_0\ps7_cortexa9_0\libsrc\standalone_v5_2\src/xil-crt0.S:128: undefined reference to `main'
collect2.exe: error: ld returned 1 exit status
make: *** [conv.elf] 오류 1
16:19:25 **** Auto Build of configuration Release for project conv ****
make all 
'Building file: ../src/lib_xmmult_hw.c'
'Invoking: ARM gcc compiler'
arm-xilinx-eabi-gcc -Wall -O2 -c -fmessage-length=0 -MT"src/lib_xmmult_hw.o" -I../../standalone_bsp_0/ps7_cortexa9_0/include -MMD -MP -MF"src/lib_xmmult_hw.d" -MT"src/lib_xmmult_hw.d" -o "src/lib_xmmult_hw.o" "../src/lib_xmmult_hw.c"
../src/lib_xmmult_hw.c:9:24: fatal error: xhls_accel.h: No such file or directory
 #include "xhls_accel.h"
                        ^
compilation terminated.
make: *** [src/lib_xmmult_hw.o] 오류 1
17:12:03 **** Clean-only build of configuration Debug for project conv ****
make clean 
rm -rf  ./src/helloworld.o ./src/platform.o  ./src/helloworld.d ./src/platform.d  conv.elf.size  conv.elf
' '
17:12:04 **** Build of configuration Debug for project conv ****
make all 
'Building file: ../src/lib_xmmult_hw.c'
'Invoking: ARM gcc compiler'
arm-xilinx-eabi-gcc -Wall -O0 -g3 -c -fmessage-length=0 -MT"src/lib_xmmult_hw.o" -I../../standalone_bsp_0/ps7_cortexa9_0/include -MMD -MP -MF"src/lib_xmmult_hw.d" -MT"src/lib_xmmult_hw.d" -o "src/lib_xmmult_hw.o" "../src/lib_xmmult_hw.c"
../src/lib_xmmult_hw.c:9:24: fatal error: xhls_accel.h: No such file or directory
 #include "xhls_accel.h"
                        ^
compilation terminated.
make: *** [src/lib_xmmult_hw.o] 오류 1
17:15:05 **** Build of project standalone_bsp_0 ****
make -k all 
"Running Make include in ps7_cortexa9_0/libsrc/axidma_v9_0/src"
make -C ps7_cortexa9_0/libsrc/axidma_v9_0/src -s include  "SHELL=CMD" "COMPILER=arm-xilinx-eabi-gcc" "ARCHIVER=arm-xilinx-eabi-ar" "COMPILER_FLAGS=  -O2 -c" "EXTRA_COMPILER_FLAGS=-g"
"Running Make include in ps7_cortexa9_0/libsrc/Conv_Accel_v1_0/src"
make -C ps7_cortexa9_0/libsrc/Conv_Accel_v1_0/src -s include  "SHELL=CMD" "COMPILER=arm-xilinx-eabi-gcc" "ARCHIVER=arm-xilinx-eabi-ar" "COMPILER_FLAGS=  -O2 -c" "EXTRA_COMPILER_FLAGS=-g"
"Running Make include in ps7_cortexa9_0/libsrc/coresightps_dcc_v1_1/src"
make -C ps7_cortexa9_0/libsrc/coresightps_dcc_v1_1/src -s include  "SHELL=CMD" "COMPILER=arm-xilinx-eabi-gcc" "ARCHIVER=arm-xilinx-eabi-ar" "COMPILER_FLAGS=  -O2 -c" "EXTRA_COMPILER_FLAGS=-g"
"Running Make include in ps7_cortexa9_0/libsrc/cpu_cortexa9_v2_1/src"
make -C ps7_cortexa9_0/libsrc/cpu_cortexa9_v2_1/src -s include  "SHELL=CMD" "COMPILER=arm-xilinx-eabi-gcc" "ARCHIVER=arm-xilinx-eabi-ar" "COMPILER_FLAGS=  -O2 -c" "EXTRA_COMPILER_FLAGS=-g"
"Running Make include in ps7_cortexa9_0/libsrc/ddrps_v1_0/src"
make -C ps7_cortexa9_0/libsrc/ddrps_v1_0/src -s include  "SHELL=CMD" "COMPILER=arm-xilinx-eabi-gcc" "ARCHIVER=arm-xilinx-eabi-ar" "COMPILER_FLAGS=  -O2 -c" "EXTRA_COMPILER_FLAGS=-g"
"Running Make include in ps7_cortexa9_0/libsrc/devcfg_v3_3/src"
make -C ps7_cortexa9_0/libsrc/devcfg_v3_3/src -s include  "SHELL=CMD" "COMPILER=arm-xilinx-eabi-gcc" "ARCHIVER=arm-xilinx-eabi-ar" "COMPILER_FLAGS=  -O2 -c" "EXTRA_COMPILER_FLAGS=-g"
"Running Make include in ps7_cortexa9_0/libsrc/dmaps_v2_1/src"
make -C ps7_cortexa9_0/libsrc/dmaps_v2_1/src -s include  "SHELL=CMD" "COMPILER=arm-xilinx-eabi-gcc" "ARCHIVER=arm-xilinx-eabi-ar" "COMPILER_FLAGS=  -O2 -c" "EXTRA_COMPILER_FLAGS=-g"
"Running Make include in ps7_cortexa9_0/libsrc/emacps_v3_1/src"
make -C ps7_cortexa9_0/libsrc/emacps_v3_1/src -s include  "SHELL=CMD" "COMPILER=arm-xilinx-eabi-gcc" "ARCHIVER=arm-xilinx-eabi-ar" "COMPILER_FLAGS=  -O2 -c" "EXTRA_COMPILER_FLAGS=-g"
"Running Make include in ps7_cortexa9_0/libsrc/gpiops_v3_1/src"
make -C ps7_cortexa9_0/libsrc/gpiops_v3_1/src -s include  "SHELL=CMD" "COMPILER=arm-xilinx-eabi-gcc" "ARCHIVER=arm-xilinx-eabi-ar" "COMPILER_FLAGS=  -O2 -c" "EXTRA_COMPILER_FLAGS=-g"
"Running Make include in ps7_cortexa9_0/libsrc/qspips_v3_2/src"
make -C ps7_cortexa9_0/libsrc/qspips_v3_2/src -s include  "SHELL=CMD" "COMPILER=arm-xilinx-eabi-gcc" "ARCHIVER=arm-xilinx-eabi-ar" "COMPILER_FLAGS=  -O2 -c" "EXTRA_COMPILER_FLAGS=-g"
"Running Make include in ps7_cortexa9_0/libsrc/scugic_v3_1/src"
make -C ps7_cortexa9_0/libsrc/scugic_v3_1/src -s include  "SHELL=CMD" "COMPILER=arm-xilinx-eabi-gcc" "ARCHIVER=arm-xilinx-eabi-ar" "COMPILER_FLAGS=  -O2 -c" "EXTRA_COMPILER_FLAGS=-g"
"Running Make include in ps7_cortexa9_0/libsrc/scutimer_v2_1/src"
make -C ps7_cortexa9_0/libsrc/scutimer_v2_1/src -s include  "SHELL=CMD" "COMPILER=arm-xilinx-eabi-gcc" "ARCHIVER=arm-xilinx-eabi-ar" "COMPILER_FLAGS=  -O2 -c" "EXTRA_COMPILER_FLAGS=-g"
"Running Make include in ps7_cortexa9_0/libsrc/scuwdt_v2_1/src"
make -C ps7_cortexa9_0/libsrc/scuwdt_v2_1/src -s include  "SHELL=CMD" "COMPILER=arm-xilinx-eabi-gcc" "ARCHIVER=arm-xilinx-eabi-ar" "COMPILER_FLAGS=  -O2 -c" "EXTRA_COMPILER_FLAGS=-g"
"Running Make include in ps7_cortexa9_0/libsrc/sdps_v2_5/src"
make -C ps7_cortexa9_0/libsrc/sdps_v2_5/src -s include  "SHELL=CMD" "COMPILER=arm-xilinx-eabi-gcc" "ARCHIVER=arm-xilinx-eabi-ar" "COMPILER_FLAGS=  -O2 -c" "EXTRA_COMPILER_FLAGS=-g"
"Running Make include in ps7_cortexa9_0/libsrc/standalone_v5_2/src"
make -C ps7_cortexa9_0/libsrc/standalone_v5_2/src -s include  "SHELL=CMD" "COMPILER=arm-xilinx-eabi-gcc" "ARCHIVER=arm-xilinx-eabi-ar" "COMPILER_FLAGS=  -O2 -c" "EXTRA_COMPILER_FLAGS=-g"
"Running Make include in ps7_cortexa9_0/libsrc/tmrctr_v3_0/src"
make -C ps7_cortexa9_0/libsrc/tmrctr_v3_0/src -s include  "SHELL=CMD" "COMPILER=arm-xilinx-eabi-gcc" "ARCHIVER=arm-xilinx-eabi-ar" "COMPILER_FLAGS=  -O2 -c" "EXTRA_COMPILER_FLAGS=-g"
"Running Make include in ps7_cortexa9_0/libsrc/uartps_v3_1/src"
make -C ps7_cortexa9_0/libsrc/uartps_v3_1/src -s include  "SHELL=CMD" "COMPILER=arm-xilinx-eabi-gcc" "ARCHIVER=arm-xilinx-eabi-ar" "COMPILER_FLAGS=  -O2 -c" "EXTRA_COMPILER_FLAGS=-g"
"Running Make include in ps7_cortexa9_0/libsrc/xadcps_v2_2/src"
make -C ps7_cortexa9_0/libsrc/xadcps_v2_2/src -s include  "SHELL=CMD" "COMPILER=arm-xilinx-eabi-gcc" "ARCHIVER=arm-xilinx-eabi-ar" "COMPILER_FLAGS=  -O2 -c" "EXTRA_COMPILER_FLAGS=-g"
"Running Make libs in ps7_cortexa9_0/libsrc/axidma_v9_0/src"
make -C ps7_cortexa9_0/libsrc/axidma_v9_0/src -s libs  "SHELL=CMD" "COMPILER=arm-xilinx-eabi-gcc" "ARCHIVER=arm-xilinx-eabi-ar" "COMPILER_FLAGS=  -O2 -c" "EXTRA_COMPILER_FLAGS=-g"
"Compiling axidma"
In file included from xaxidma.h:470:0,
                 from xaxidma.c:83:
xaxidma.c: In function 'XAxiDma_Reset':
xaxidma_bdring.h:238:26: warning: assignment makes pointer from integer without a cast
    (RingPtr)->BdaRestart =      \
                          ^
xaxidma.c:313:3: note: in expansion of macro 'XAxiDma_BdRingSnapShotCurrBd'
   XAxiDma_BdRingSnapShotCurrBd(TxRingPtr);
   ^
xaxidma_bdring.h:243:27: warning: assignment makes pointer from integer without a cast
     (RingPtr)->BdaRestart =     \
                           ^
xaxidma.c:313:3: note: in expansion of macro 'XAxiDma_BdRingSnapShotCurrBd'
   XAxiDma_BdRingSnapShotCurrBd(TxRingPtr);
   ^
xaxidma_bdring.h:248:27: warning: assignment makes pointer from integer without a cast
     (RingPtr)->BdaRestart =     \
                           ^
xaxidma.c:313:3: note: in expansion of macro 'XAxiDma_BdRingSnapShotCurrBd'
   XAxiDma_BdRingSnapShotCurrBd(TxRingPtr);
   ^
xaxidma_bdring.h:238:26: warning: assignment makes pointer from integer without a cast
    (RingPtr)->BdaRestart =      \
                          ^
xaxidma.c:319:4: note: in expansion of macro 'XAxiDma_BdRingSnapShotCurrBd'
    XAxiDma_BdRingSnapShotCurrBd(RxRingPtr);
    ^
xaxidma_bdring.h:243:27: warning: assignment makes pointer from integer without a cast
     (RingPtr)->BdaRestart =     \
                           ^
xaxidma.c:319:4: note: in expansion of macro 'XAxiDma_BdRingSnapShotCurrBd'
    XAxiDma_BdRingSnapShotCurrBd(RxRingPtr);
    ^
xaxidma_bdring.h:248:27: warning: assignment makes pointer from integer without a cast
     (RingPtr)->BdaRestart =     \
                           ^
xaxidma.c:319:4: note: in expansion of macro 'XAxiDma_BdRingSnapShotCurrBd'
    XAxiDma_BdRingSnapShotCurrBd(RxRingPtr);
    ^
arm-xilinx-eabi-ar: creating ../../../lib/libxil.a
"Running Make libs in ps7_cortexa9_0/libsrc/Conv_Accel_v1_0/src"
make -C ps7_cortexa9_0/libsrc/Conv_Accel_v1_0/src -s libs  "SHELL=CMD" "COMPILER=arm-xilinx-eabi-gcc" "ARCHIVER=arm-xilinx-eabi-ar" "COMPILER_FLAGS=  -O2 -c" "EXTRA_COMPILER_FLAGS=-g"
"Compiling Conv_Accel"
"Running Make libs in ps7_cortexa9_0/libsrc/coresightps_dcc_v1_1/src"
make -C ps7_cortexa9_0/libsrc/coresightps_dcc_v1_1/src -s libs  "SHELL=CMD" "COMPILER=arm-xilinx-eabi-gcc" "ARCHIVER=arm-xilinx-eabi-ar" "COMPILER_FLAGS=  -O2 -c" "EXTRA_COMPILER_FLAGS=-g"
"Compiling coresightps_dcc"
"Running Make libs in ps7_cortexa9_0/libsrc/cpu_cortexa9_v2_1/src"
make -C ps7_cortexa9_0/libsrc/cpu_cortexa9_v2_1/src -s libs  "SHELL=CMD" "COMPILER=arm-xilinx-eabi-gcc" "ARCHIVER=arm-xilinx-eabi-ar" "COMPILER_FLAGS=  -O2 -c" "EXTRA_COMPILER_FLAGS=-g"
"Compiling cpu_cortexa9"
"Running Make libs in ps7_cortexa9_0/libsrc/ddrps_v1_0/src"
make -C ps7_cortexa9_0/libsrc/ddrps_v1_0/src -s libs  "SHELL=CMD" "COMPILER=arm-xilinx-eabi-gcc" "ARCHIVER=arm-xilinx-eabi-ar" "COMPILER_FLAGS=  -O2 -c" "EXTRA_COMPILER_FLAGS=-g"
"Compiling ddrps"
"Running Make libs in ps7_cortexa9_0/libsrc/devcfg_v3_3/src"
make -C ps7_cortexa9_0/libsrc/devcfg_v3_3/src -s libs  "SHELL=CMD" "COMPILER=arm-xilinx-eabi-gcc" "ARCHIVER=arm-xilinx-eabi-ar" "COMPILER_FLAGS=  -O2 -c" "EXTRA_COMPILER_FLAGS=-g"
"Compiling devcfg"
"Running Make libs in ps7_cortexa9_0/libsrc/dmaps_v2_1/src"
make -C ps7_cortexa9_0/libsrc/dmaps_v2_1/src -s libs  "SHELL=CMD" "COMPILER=arm-xilinx-eabi-gcc" "ARCHIVER=arm-xilinx-eabi-ar" "COMPILER_FLAGS=  -O2 -c" "EXTRA_COMPILER_FLAGS=-g"
"Compiling dmaps"
"Running Make libs in ps7_cortexa9_0/libsrc/emacps_v3_1/src"
make -C ps7_cortexa9_0/libsrc/emacps_v3_1/src -s libs  "SHELL=CMD" "COMPILER=arm-xilinx-eabi-gcc" "ARCHIVER=arm-xilinx-eabi-ar" "COMPILER_FLAGS=  -O2 -c" "EXTRA_COMPILER_FLAGS=-g"
"Compiling emacps"
"Running Make libs in ps7_cortexa9_0/libsrc/gpiops_v3_1/src"
make -C ps7_cortexa9_0/libsrc/gpiops_v3_1/src -s libs  "SHELL=CMD" "COMPILER=arm-xilinx-eabi-gcc" "ARCHIVER=arm-xilinx-eabi-ar" "COMPILER_FLAGS=  -O2 -c" "EXTRA_COMPILER_FLAGS=-g"
"Compiling gpiops"
"Running Make libs in ps7_cortexa9_0/libsrc/qspips_v3_2/src"
make -C ps7_cortexa9_0/libsrc/qspips_v3_2/src -s libs  "SHELL=CMD" "COMPILER=arm-xilinx-eabi-gcc" "ARCHIVER=arm-xilinx-eabi-ar" "COMPILER_FLAGS=  -O2 -c" "EXTRA_COMPILER_FLAGS=-g"
"Compiling qspips"
"Running Make libs in ps7_cortexa9_0/libsrc/scugic_v3_1/src"
make -C ps7_cortexa9_0/libsrc/scugic_v3_1/src -s libs  "SHELL=CMD" "COMPILER=arm-xilinx-eabi-gcc" "ARCHIVER=arm-xilinx-eabi-ar" "COMPILER_FLAGS=  -O2 -c" "EXTRA_COMPILER_FLAGS=-g"
"Compiling scugic"
"Running Make libs in ps7_cortexa9_0/libsrc/scutimer_v2_1/src"
make -C ps7_cortexa9_0/libsrc/scutimer_v2_1/src -s libs  "SHELL=CMD" "COMPILER=arm-xilinx-eabi-gcc" "ARCHIVER=arm-xilinx-eabi-ar" "COMPILER_FLAGS=  -O2 -c" "EXTRA_COMPILER_FLAGS=-g"
"Compiling scutimer"
"Running Make libs in ps7_cortexa9_0/libsrc/scuwdt_v2_1/src"
make -C ps7_cortexa9_0/libsrc/scuwdt_v2_1/src -s libs  "SHELL=CMD" "COMPILER=arm-xilinx-eabi-gcc" "ARCHIVER=arm-xilinx-eabi-ar" "COMPILER_FLAGS=  -O2 -c" "EXTRA_COMPILER_FLAGS=-g"
"Compiling scuwdt"
"Running Make libs in ps7_cortexa9_0/libsrc/sdps_v2_5/src"
make -C ps7_cortexa9_0/libsrc/sdps_v2_5/src -s libs  "SHELL=CMD" "COMPILER=arm-xilinx-eabi-gcc" "ARCHIVER=arm-xilinx-eabi-ar" "COMPILER_FLAGS=  -O2 -c" "EXTRA_COMPILER_FLAGS=-g"
"Compiling sdps"
"Running Make libs in ps7_cortexa9_0/libsrc/standalone_v5_2/src"
make -C ps7_cortexa9_0/libsrc/standalone_v5_2/src -s libs  "SHELL=CMD" "COMPILER=arm-xilinx-eabi-gcc" "ARCHIVER=arm-xilinx-eabi-ar" "COMPILER_FLAGS=  -O2 -c" "EXTRA_COMPILER_FLAGS=-g"
"Compiling standalone"
"Running Make libs in ps7_cortexa9_0/libsrc/tmrctr_v3_0/src"
make -C ps7_cortexa9_0/libsrc/tmrctr_v3_0/src -s libs  "SHELL=CMD" "COMPILER=arm-xilinx-eabi-gcc" "ARCHIVER=arm-xilinx-eabi-ar" "COMPILER_FLAGS=  -O2 -c" "EXTRA_COMPILER_FLAGS=-g"
"Compiling tmrctr"
"Running Make libs in ps7_cortexa9_0/libsrc/uartps_v3_1/src"
make -C ps7_cortexa9_0/libsrc/uartps_v3_1/src -s libs  "SHELL=CMD" "COMPILER=arm-xilinx-eabi-gcc" "ARCHIVER=arm-xilinx-eabi-ar" "COMPILER_FLAGS=  -O2 -c" "EXTRA_COMPILER_FLAGS=-g"
"Compiling uartps"
"Running Make libs in ps7_cortexa9_0/libsrc/xadcps_v2_2/src"
make -C ps7_cortexa9_0/libsrc/xadcps_v2_2/src -s libs  "SHELL=CMD" "COMPILER=arm-xilinx-eabi-gcc" "ARCHIVER=arm-xilinx-eabi-ar" "COMPILER_FLAGS=  -O2 -c" "EXTRA_COMPILER_FLAGS=-g"
"Compiling xadcps"
'Finished building libraries'
17:16:43 **** Build of configuration Debug for project conv ****
make all 
'Building file: ../src/helloworld.c'
'Invoking: ARM gcc compiler'
arm-xilinx-eabi-gcc -Wall -O0 -g3 -c -fmessage-length=0 -MT"src/helloworld.o" -I../../standalone_bsp_0/ps7_cortexa9_0/include -MMD -MP -MF"src/helloworld.d" -MT"src/helloworld.d" -o "src/helloworld.o" "../src/helloworld.c"
'Finished building: ../src/helloworld.c'
' '
'Building file: ../src/platform.c'
'Invoking: ARM gcc compiler'
arm-xilinx-eabi-gcc -Wall -O0 -g3 -c -fmessage-length=0 -MT"src/platform.o" -I../../standalone_bsp_0/ps7_cortexa9_0/include -MMD -MP -MF"src/platform.d" -MT"src/platform.d" -o "src/platform.o" "../src/platform.c"
'Finished building: ../src/platform.c'
' '
'Building target: conv.elf'
'Invoking: ARM gcc linker'
arm-xilinx-eabi-gcc -Wl,-T -Wl,../src/lscript.ld -L../../standalone_bsp_0/ps7_cortexa9_0/lib -o "conv.elf"  ./src/helloworld.o ./src/platform.o   -Wl,--start-group,-lxil,-lgcc,-lc,--end-group
'Finished building target: conv.elf'
' '
'Invoking: ARM Print Size'
arm-xilinx-eabi-size conv.elf  |tee "conv.elf.size"
   text	   data	    bss	    dec	    hex	filename
  22888	   1152	  22564	  46604	   b60c	conv.elf
'Finished building: conv.elf.size'
' '
17:19:01 **** Incremental Build of configuration Debug for project conv ****
make all 
make: `all'를 위해 할 일이 없습니다
17:25:42 **** Clean-only build of configuration Debug for project conv ****
make clean 
rm -rf  ./src/helloworld.o ./src/platform.o  ./src/helloworld.d ./src/platform.d  conv.elf.size  conv.elf
' '
17:25:42 **** Auto Build of configuration Debug for project conv ****
make all 
'Building file: ../src/platform.c'
'Invoking: ARM gcc compiler'
arm-xilinx-eabi-gcc -Wall -O0 -g3 -c -fmessage-length=0 -MT"src/platform.o" -I../../standalone_bsp_0/ps7_cortexa9_0/include -MMD -MP -MF"src/platform.d" -MT"src/platform.d" -o "src/platform.o" "../src/platform.c"
'Finished building: ../src/platform.c'
' '
'Building target: conv.elf'
'Invoking: ARM gcc linker'
arm-xilinx-eabi-gcc -Wl,-T -Wl,../src/lscript.ld -L../../standalone_bsp_0/ps7_cortexa9_0/lib -o "conv.elf"  ./src/platform.o   -Wl,--start-group,-lxil,-lgcc,-lc,--end-group
../../standalone_bsp_0/ps7_cortexa9_0/lib\libxil.a(xil-crt0.o): In function `_start':
C:\Users\user\Desktop\project_1\project_1.sdk\standalone_bsp_0\ps7_cortexa9_0\libsrc\standalone_v5_2\src/xil-crt0.S:128: undefined reference to `main'
collect2.exe: error: ld returned 1 exit status
make: *** [conv.elf] 오류 1
17:27:12 **** Auto Build of configuration Debug for project conv ****
make all 
'Building file: ../src/lib_xconv_hw.c'
'Invoking: ARM gcc compiler'
arm-xilinx-eabi-gcc -Wall -O0 -g3 -c -fmessage-length=0 -MT"src/lib_xconv_hw.o" -I../../standalone_bsp_0/ps7_cortexa9_0/include -MMD -MP -MF"src/lib_xconv_hw.d" -MT"src/lib_xconv_hw.d" -o "src/lib_xconv_hw.o" "../src/lib_xconv_hw.c"
../src/lib_xconv_hw.c:9:24: fatal error: xhls_accel.h: No such file or directory
 #include "xhls_accel.h"
                        ^
compilation terminated.
make: *** [src/lib_xconv_hw.o] 오류 1
17:28:07 **** Auto Build of configuration Debug for project conv ****
make all 
'Building file: ../src/lib_xconv_hw.c'
'Invoking: ARM gcc compiler'
arm-xilinx-eabi-gcc -Wall -O0 -g3 -c -fmessage-length=0 -MT"src/lib_xconv_hw.o" -I../../standalone_bsp_0/ps7_cortexa9_0/include -MMD -MP -MF"src/lib_xconv_hw.d" -MT"src/lib_xconv_hw.d" -o "src/lib_xconv_hw.o" "../src/lib_xconv_hw.c"
../src/lib_xconv_hw.c:19:1: error: unknown type name 'XHls_accel'
 XHls_accel xmmult_dev;
 ^
../src/lib_xconv_hw.c:21:1: error: unknown type name 'XHls_accel_Config'
 XHls_accel_Config xmmult_config = {
 ^
../src/lib_xconv_hw.c:23:2: error: 'XPAR_HLS_ACCEL_1_S_AXI_CONTROL_BUS_BASEADDR' undeclared here (not in a function)
  XPAR_HLS_ACCEL_1_S_AXI_CONTROL_BUS_BASEADDR
  ^
../src/lib_xconv_hw.c:24:1: warning: excess elements in scalar initializer
 };
 ^
../src/lib_xconv_hw.c:24:1: warning: (near initialization for 'xmmult_config')
../src/lib_xconv_hw.c: In function 'XMmultSetup':
../src/lib_xconv_hw.c:34:2: warning: implicit declaration of function 'XHls_accel_CfgInitialize' [-Wimplicit-function-declaration]
  return XHls_accel_CfgInitialize(&xmmult_dev,&xmmult_config);
  ^
../src/lib_xconv_hw.c: In function 'XMmultStart':
../src/lib_xconv_hw.c:38:2: error: unknown type name 'XHls_accel'
  XHls_accel *pExample = (XHls_accel *)InstancePtr;
  ^
../src/lib_xconv_hw.c:38:26: error: 'XHls_accel' undeclared (first use in this function)
  XHls_accel *pExample = (XHls_accel *)InstancePtr;
                          ^
../src/lib_xconv_hw.c:38:26: note: each undeclared identifier is reported only once for each function it appears in
../src/lib_xconv_hw.c:38:38: error: expected expression before ')' token
  XHls_accel *pExample = (XHls_accel *)InstancePtr;
                                      ^
../src/lib_xconv_hw.c:39:2: warning: implicit declaration of function 'XHls_accel_InterruptEnable' [-Wimplicit-function-declaration]
  XHls_accel_InterruptEnable(pExample,1);
  ^
../src/lib_xconv_hw.c:40:2: warning: implicit declaration of function 'XHls_accel_InterruptGlobalEnable' [-Wimplicit-function-declaration]
  XHls_accel_InterruptGlobalEnable(pExample);
  ^
../src/lib_xconv_hw.c:41:2: warning: implicit declaration of function 'XHls_accel_Start' [-Wimplicit-function-declaration]
  XHls_accel_Start(pExample);
  ^
../src/lib_xconv_hw.c: In function 'XMmultIsr':
../src/lib_xconv_hw.c:46:2: error: unknown type name 'XHls_accel'
  XHls_accel *pExample = (XHls_accel *)InstancePtr;
  ^
../src/lib_xconv_hw.c:46:26: error: 'XHls_accel' undeclared (first use in this function)
  XHls_accel *pExample = (XHls_accel *)InstancePtr;
                          ^
../src/lib_xconv_hw.c:46:38: error: expected expression before ')' token
  XHls_accel *pExample = (XHls_accel *)InstancePtr;
                                      ^
../src/lib_xconv_hw.c:49:2: warning: implicit declaration of function 'XHls_accel_InterruptGlobalDisable' [-Wimplicit-function-declaration]
  XHls_accel_InterruptGlobalDisable(pExample);
  ^
../src/lib_xconv_hw.c:51:2: warning: implicit declaration of function 'XHls_accel_InterruptDisable' [-Wimplicit-function-declaration]
  XHls_accel_InterruptDisable(pExample,0xffffffff);
  ^
../src/lib_xconv_hw.c:54:2: warning: implicit declaration of function 'XHls_accel_InterruptClear' [-Wimplicit-function-declaration]
  XHls_accel_InterruptClear(pExample,1);
  ^
../src/lib_xconv_hw.c: In function 'XMmultSetupInterrupt':
../src/lib_xconv_hw.c:90:35: error: 'XPAR_FABRIC_HLS_ACCEL_1_INTERRUPT_INTR' undeclared (first use in this function)
  result = XScuGic_Connect(&ScuGic,XPAR_FABRIC_HLS_ACCEL_1_INTERRUPT_INTR,(Xil_InterruptHandler)XMmultIsr,&xmmult_dev);
                                   ^
make: *** [src/lib_xconv_hw.o] 오류 1
17:28:20 **** Auto Build of configuration Debug for project conv ****
make all 
'Building file: ../src/lib_xconv_hw.c'
'Invoking: ARM gcc compiler'
arm-xilinx-eabi-gcc -Wall -O0 -g3 -c -fmessage-length=0 -MT"src/lib_xconv_hw.o" -I../../standalone_bsp_0/ps7_cortexa9_0/include -MMD -MP -MF"src/lib_xconv_hw.d" -MT"src/lib_xconv_hw.d" -o "src/lib_xconv_hw.o" "../src/lib_xconv_hw.c"
../src/lib_xconv_hw.c:21:1: error: unknown type name 'XHls_accel_Config'
 XHls_accel_Config xmmult_config = {
 ^
../src/lib_xconv_hw.c:23:2: error: 'XPAR_HLS_ACCEL_1_S_AXI_CONTROL_BUS_BASEADDR' undeclared here (not in a function)
  XPAR_HLS_ACCEL_1_S_AXI_CONTROL_BUS_BASEADDR
  ^
../src/lib_xconv_hw.c:24:1: warning: excess elements in scalar initializer
 };
 ^
../src/lib_xconv_hw.c:24:1: warning: (near initialization for 'xmmult_config')
../src/lib_xconv_hw.c: In function 'XMmultSetup':
../src/lib_xconv_hw.c:34:2: warning: implicit declaration of function 'XHls_accel_CfgInitialize' [-Wimplicit-function-declaration]
  return XHls_accel_CfgInitialize(&xmmult_dev,&xmmult_config);
  ^
../src/lib_xconv_hw.c: In function 'XMmultStart':
../src/lib_xconv_hw.c:38:2: error: unknown type name 'XHls_accel'
  XHls_accel *pExample = (XHls_accel *)InstancePtr;
  ^
../src/lib_xconv_hw.c:38:26: error: 'XHls_accel' undeclared (first use in this function)
  XHls_accel *pExample = (XHls_accel *)InstancePtr;
                          ^
../src/lib_xconv_hw.c:38:26: note: each undeclared identifier is reported only once for each function it appears in
../src/lib_xconv_hw.c:38:38: error: expected expression before ')' token
  XHls_accel *pExample = (XHls_accel *)InstancePtr;
                                      ^
../src/lib_xconv_hw.c:39:2: warning: implicit declaration of function 'XHls_accel_InterruptEnable' [-Wimplicit-function-declaration]
  XHls_accel_InterruptEnable(pExample,1);
  ^
../src/lib_xconv_hw.c:40:2: warning: implicit declaration of function 'XHls_accel_InterruptGlobalEnable' [-Wimplicit-function-declaration]
  XHls_accel_InterruptGlobalEnable(pExample);
  ^
../src/lib_xconv_hw.c:41:2: warning: implicit declaration of function 'XHls_accel_Start' [-Wimplicit-function-declaration]
  XHls_accel_Start(pExample);
  ^
../src/lib_xconv_hw.c: In function 'XMmultIsr':
../src/lib_xconv_hw.c:46:2: error: unknown type name 'XHls_accel'
  XHls_accel *pExample = (XHls_accel *)InstancePtr;
  ^
../src/lib_xconv_hw.c:46:26: error: 'XHls_accel' undeclared (first use in this function)
  XHls_accel *pExample = (XHls_accel *)InstancePtr;
                          ^
../src/lib_xconv_hw.c:46:38: error: expected expression before ')' token
  XHls_accel *pExample = (XHls_accel *)InstancePtr;
                                      ^
../src/lib_xconv_hw.c:49:2: warning: implicit declaration of function 'XHls_accel_InterruptGlobalDisable' [-Wimplicit-function-declaration]
  XHls_accel_InterruptGlobalDisable(pExample);
  ^
../src/lib_xconv_hw.c:51:2: warning: implicit declaration of function 'XHls_accel_InterruptDisable' [-Wimplicit-function-declaration]
  XHls_accel_InterruptDisable(pExample,0xffffffff);
  ^
../src/lib_xconv_hw.c:54:2: warning: implicit declaration of function 'XHls_accel_InterruptClear' [-Wimplicit-function-declaration]
  XHls_accel_InterruptClear(pExample,1);
  ^
../src/lib_xconv_hw.c: In function 'XMmultSetupInterrupt':
../src/lib_xconv_hw.c:90:35: error: 'XPAR_FABRIC_HLS_ACCEL_1_INTERRUPT_INTR' undeclared (first use in this function)
  result = XScuGic_Connect(&ScuGic,XPAR_FABRIC_HLS_ACCEL_1_INTERRUPT_INTR,(Xil_InterruptHandler)XMmultIsr,&xmmult_dev);
                                   ^
make: *** [src/lib_xconv_hw.o] 오류 1
17:29:18 **** Auto Build of configuration Debug for project conv ****
make all 
'Building file: ../src/lib_xconv_hw.c'
'Invoking: ARM gcc compiler'
arm-xilinx-eabi-gcc -Wall -O0 -g3 -c -fmessage-length=0 -MT"src/lib_xconv_hw.o" -I../../standalone_bsp_0/ps7_cortexa9_0/include -MMD -MP -MF"src/lib_xconv_hw.d" -MT"src/lib_xconv_hw.d" -o "src/lib_xconv_hw.o" "../src/lib_xconv_hw.c"
../src/lib_xconv_hw.c:21:1: error: unknown type name 'XHls_accel_Config'
 XHls_accel_Config xconv_config = {
 ^
../src/lib_xconv_hw.c:23:2: error: 'XPAR_HLS_ACCEL_1_S_AXI_CONTROL_BUS_BASEADDR' undeclared here (not in a function)
  XPAR_HLS_ACCEL_1_S_AXI_CONTROL_BUS_BASEADDR
  ^
../src/lib_xconv_hw.c:24:1: warning: excess elements in scalar initializer
 };
 ^
../src/lib_xconv_hw.c:24:1: warning: (near initialization for 'xconv_config')
../src/lib_xconv_hw.c: In function 'xconvSetup':
../src/lib_xconv_hw.c:34:2: warning: implicit declaration of function 'XHls_accel_CfgInitialize' [-Wimplicit-function-declaration]
  return XHls_accel_CfgInitialize(&xconv_dev,&xconv_config);
  ^
../src/lib_xconv_hw.c: In function 'xconvStart':
../src/lib_xconv_hw.c:38:2: error: unknown type name 'XHls_accel'
  XHls_accel *pExample = (XHls_accel *)InstancePtr;
  ^
../src/lib_xconv_hw.c:38:26: error: 'XHls_accel' undeclared (first use in this function)
  XHls_accel *pExample = (XHls_accel *)InstancePtr;
                          ^
../src/lib_xconv_hw.c:38:26: note: each undeclared identifier is reported only once for each function it appears in
../src/lib_xconv_hw.c:38:38: error: expected expression before ')' token
  XHls_accel *pExample = (XHls_accel *)InstancePtr;
                                      ^
../src/lib_xconv_hw.c:39:2: warning: implicit declaration of function 'XHls_accel_InterruptEnable' [-Wimplicit-function-declaration]
  XHls_accel_InterruptEnable(pExample,1);
  ^
../src/lib_xconv_hw.c:40:2: warning: implicit declaration of function 'XHls_accel_InterruptGlobalEnable' [-Wimplicit-function-declaration]
  XHls_accel_InterruptGlobalEnable(pExample);
  ^
../src/lib_xconv_hw.c:41:2: warning: implicit declaration of function 'XHls_accel_Start' [-Wimplicit-function-declaration]
  XHls_accel_Start(pExample);
  ^
../src/lib_xconv_hw.c: In function 'xconvIsr':
../src/lib_xconv_hw.c:46:2: error: unknown type name 'XHls_accel'
  XHls_accel *pExample = (XHls_accel *)InstancePtr;
  ^
../src/lib_xconv_hw.c:46:26: error: 'XHls_accel' undeclared (first use in this function)
  XHls_accel *pExample = (XHls_accel *)InstancePtr;
                          ^
../src/lib_xconv_hw.c:46:38: error: expected expression before ')' token
  XHls_accel *pExample = (XHls_accel *)InstancePtr;
                                      ^
../src/lib_xconv_hw.c:49:2: warning: implicit declaration of function 'XHls_accel_InterruptGlobalDisable' [-Wimplicit-function-declaration]
  XHls_accel_InterruptGlobalDisable(pExample);
  ^
../src/lib_xconv_hw.c:51:2: warning: implicit declaration of function 'XHls_accel_InterruptDisable' [-Wimplicit-function-declaration]
  XHls_accel_InterruptDisable(pExample,0xffffffff);
  ^
../src/lib_xconv_hw.c:54:2: warning: implicit declaration of function 'XHls_accel_InterruptClear' [-Wimplicit-function-declaration]
  XHls_accel_InterruptClear(pExample,1);
  ^
../src/lib_xconv_hw.c: In function 'xconvSetupInterrupt':
../src/lib_xconv_hw.c:90:35: error: 'XPAR_FABRIC_HLS_ACCEL_1_INTERRUPT_INTR' undeclared (first use in this function)
  result = XScuGic_Connect(&ScuGic,XPAR_FABRIC_HLS_ACCEL_1_INTERRUPT_INTR,(Xil_InterruptHandler)xconvIsr,&xconv_dev);
                                   ^
make: *** [src/lib_xconv_hw.o] 오류 1
18:05:36 **** Auto Build of configuration Debug for project conv ****
make all 
'Building file: ../src/lib_xconv_hw.c'
'Invoking: ARM gcc compiler'
arm-xilinx-eabi-gcc -Wall -O0 -g3 -c -fmessage-length=0 -MT"src/lib_xconv_hw.o" -I../../standalone_bsp_0/ps7_cortexa9_0/include -MMD -MP -MF"src/lib_xconv_hw.d" -MT"src/lib_xconv_hw.d" -o "src/lib_xconv_hw.o" "../src/lib_xconv_hw.c"
../src/lib_xconv_hw.c:21:1: error: unknown type name 'XHls_accel_Config'
 XHls_accel_Config xconv_config = {
 ^
../src/lib_xconv_hw.c:23:2: error: 'XPAR_HLS_ACCEL_1_S_AXI_CONTROL_BUS_BASEADDR' undeclared here (not in a function)
  XPAR_HLS_ACCEL_1_S_AXI_CONTROL_BUS_BASEADDR
  ^
../src/lib_xconv_hw.c:24:1: warning: excess elements in scalar initializer
 };
 ^
../src/lib_xconv_hw.c:24:1: warning: (near initialization for 'xconv_config')
../src/lib_xconv_hw.c: In function 'xconvSetup':
../src/lib_xconv_hw.c:34:2: warning: implicit declaration of function 'XHls_accel_CfgInitialize' [-Wimplicit-function-declaration]
  return XHls_accel_CfgInitialize(&xconv_dev,&xconv_config);
  ^
../src/lib_xconv_hw.c: In function 'xconvStart':
../src/lib_xconv_hw.c:38:27: error: 'XHls_accel' undeclared (first use in this function)
  XConv_accel *pExample = (XHls_accel *)InstancePtr;
                           ^
../src/lib_xconv_hw.c:38:27: note: each undeclared identifier is reported only once for each function it appears in
../src/lib_xconv_hw.c:38:39: error: expected expression before ')' token
  XConv_accel *pExample = (XHls_accel *)InstancePtr;
                                       ^
../src/lib_xconv_hw.c:39:2: warning: implicit declaration of function 'XHls_accel_InterruptEnable' [-Wimplicit-function-declaration]
  XHls_accel_InterruptEnable(pExample,1);
  ^
../src/lib_xconv_hw.c:40:2: warning: implicit declaration of function 'XHls_accel_InterruptGlobalEnable' [-Wimplicit-function-declaration]
  XHls_accel_InterruptGlobalEnable(pExample);
  ^
../src/lib_xconv_hw.c:41:2: warning: implicit declaration of function 'XHls_accel_Start' [-Wimplicit-function-declaration]
  XHls_accel_Start(pExample);
  ^
../src/lib_xconv_hw.c: In function 'xconvIsr':
../src/lib_xconv_hw.c:46:2: error: unknown type name 'XHls_accel'
  XHls_accel *pExample = (XHls_accel *)InstancePtr;
  ^
../src/lib_xconv_hw.c:46:26: error: 'XHls_accel' undeclared (first use in this function)
  XHls_accel *pExample = (XHls_accel *)InstancePtr;
                          ^
../src/lib_xconv_hw.c:46:38: error: expected expression before ')' token
  XHls_accel *pExample = (XHls_accel *)InstancePtr;
                                      ^
../src/lib_xconv_hw.c:49:2: warning: implicit declaration of function 'XHls_accel_InterruptGlobalDisable' [-Wimplicit-function-declaration]
  XHls_accel_InterruptGlobalDisable(pExample);
  ^
../src/lib_xconv_hw.c:51:2: warning: implicit declaration of function 'XHls_accel_InterruptDisable' [-Wimplicit-function-declaration]
  XHls_accel_InterruptDisable(pExample,0xffffffff);
  ^
../src/lib_xconv_hw.c:54:2: warning: implicit declaration of function 'XHls_accel_InterruptClear' [-Wimplicit-function-declaration]
  XHls_accel_InterruptClear(pExample,1);
  ^
../src/lib_xconv_hw.c: In function 'xconvSetupInterrupt':
../src/lib_xconv_hw.c:90:35: error: 'XPAR_FABRIC_HLS_ACCEL_1_INTERRUPT_INTR' undeclared (first use in this function)
  result = XScuGic_Connect(&ScuGic,XPAR_FABRIC_HLS_ACCEL_1_INTERRUPT_INTR,(Xil_InterruptHandler)xconvIsr,&xconv_dev);
                                   ^
make: *** [src/lib_xconv_hw.o] 오류 1
18:05:54 **** Auto Build of configuration Debug for project conv ****
make all 
'Building file: ../src/lib_xconv_hw.c'
'Invoking: ARM gcc compiler'
arm-xilinx-eabi-gcc -Wall -O0 -g3 -c -fmessage-length=0 -MT"src/lib_xconv_hw.o" -I../../standalone_bsp_0/ps7_cortexa9_0/include -MMD -MP -MF"src/lib_xconv_hw.d" -MT"src/lib_xconv_hw.d" -o "src/lib_xconv_hw.o" "../src/lib_xconv_hw.c"
../src/lib_xconv_hw.c:21:1: error: unknown type name 'XHls_accel_Config'
 XHls_accel_Config xconv_config = {
 ^
../src/lib_xconv_hw.c:23:2: error: 'XPAR_HLS_ACCEL_1_S_AXI_CONTROL_BUS_BASEADDR' undeclared here (not in a function)
  XPAR_HLS_ACCEL_1_S_AXI_CONTROL_BUS_BASEADDR
  ^
../src/lib_xconv_hw.c:24:1: warning: excess elements in scalar initializer
 };
 ^
../src/lib_xconv_hw.c:24:1: warning: (near initialization for 'xconv_config')
../src/lib_xconv_hw.c: In function 'xconvSetup':
../src/lib_xconv_hw.c:34:2: warning: implicit declaration of function 'XHls_accel_CfgInitialize' [-Wimplicit-function-declaration]
  return XHls_accel_CfgInitialize(&xconv_dev,&xconv_config);
  ^
../src/lib_xconv_hw.c: In function 'xconvStart':
../src/lib_xconv_hw.c:39:2: warning: implicit declaration of function 'XHls_accel_InterruptEnable' [-Wimplicit-function-declaration]
  XHls_accel_InterruptEnable(pExample,1);
  ^
../src/lib_xconv_hw.c:40:2: warning: implicit declaration of function 'XHls_accel_InterruptGlobalEnable' [-Wimplicit-function-declaration]
  XHls_accel_InterruptGlobalEnable(pExample);
  ^
../src/lib_xconv_hw.c:41:2: warning: implicit declaration of function 'XHls_accel_Start' [-Wimplicit-function-declaration]
  XHls_accel_Start(pExample);
  ^
../src/lib_xconv_hw.c: In function 'xconvIsr':
../src/lib_xconv_hw.c:46:2: error: unknown type name 'XHls_accel'
  XHls_accel *pExample = (XHls_accel *)InstancePtr;
  ^
../src/lib_xconv_hw.c:46:26: error: 'XHls_accel' undeclared (first use in this function)
  XHls_accel *pExample = (XHls_accel *)InstancePtr;
                          ^
../src/lib_xconv_hw.c:46:26: note: each undeclared identifier is reported only once for each function it appears in
../src/lib_xconv_hw.c:46:38: error: expected expression before ')' token
  XHls_accel *pExample = (XHls_accel *)InstancePtr;
                                      ^
../src/lib_xconv_hw.c:49:2: warning: implicit declaration of function 'XHls_accel_InterruptGlobalDisable' [-Wimplicit-function-declaration]
  XHls_accel_InterruptGlobalDisable(pExample);
  ^
../src/lib_xconv_hw.c:51:2: warning: implicit declaration of function 'XHls_accel_InterruptDisable' [-Wimplicit-function-declaration]
  XHls_accel_InterruptDisable(pExample,0xffffffff);
  ^
../src/lib_xconv_hw.c:54:2: warning: implicit declaration of function 'XHls_accel_InterruptClear' [-Wimplicit-function-declaration]
  XHls_accel_InterruptClear(pExample,1);
  ^
../src/lib_xconv_hw.c: In function 'xconvSetupInterrupt':
../src/lib_xconv_hw.c:90:35: error: 'XPAR_FABRIC_HLS_ACCEL_1_INTERRUPT_INTR' undeclared (first use in this function)
  result = XScuGic_Connect(&ScuGic,XPAR_FABRIC_HLS_ACCEL_1_INTERRUPT_INTR,(Xil_InterruptHandler)xconvIsr,&xconv_dev);
                                   ^
make: *** [src/lib_xconv_hw.o] 오류 1
18:06:34 **** Auto Build of configuration Debug for project conv ****
make all 
'Building file: ../src/lib_xconv_hw.c'
'Invoking: ARM gcc compiler'
arm-xilinx-eabi-gcc -Wall -O0 -g3 -c -fmessage-length=0 -MT"src/lib_xconv_hw.o" -I../../standalone_bsp_0/ps7_cortexa9_0/include -MMD -MP -MF"src/lib_xconv_hw.d" -MT"src/lib_xconv_hw.d" -o "src/lib_xconv_hw.o" "../src/lib_xconv_hw.c"
../src/lib_xconv_hw.c:23:2: error: 'XPAR_HLS_ACCEL_1_S_AXI_CONTROL_BUS_BASEADDR' undeclared here (not in a function)
  XPAR_HLS_ACCEL_1_S_AXI_CONTROL_BUS_BASEADDR
  ^
../src/lib_xconv_hw.c: In function 'xconvSetupInterrupt':
../src/lib_xconv_hw.c:90:35: error: 'XPAR_FABRIC_HLS_ACCEL_1_INTERRUPT_INTR' undeclared (first use in this function)
  result = XScuGic_Connect(&ScuGic,XPAR_FABRIC_HLS_ACCEL_1_INTERRUPT_INTR,(Xil_InterruptHandler)xconvIsr,&xconv_dev);
                                   ^
../src/lib_xconv_hw.c:90:35: note: each undeclared identifier is reported only once for each function it appears in
make: *** [src/lib_xconv_hw.o] 오류 1
18:09:16 **** Auto Build of configuration Debug for project conv ****
make all 
'Building file: ../src/lib_xconv_hw.c'
'Invoking: ARM gcc compiler'
arm-xilinx-eabi-gcc -Wall -O0 -g3 -c -fmessage-length=0 -MT"src/lib_xconv_hw.o" -I../../standalone_bsp_0/ps7_cortexa9_0/include -MMD -MP -MF"src/lib_xconv_hw.d" -MT"src/lib_xconv_hw.d" -o "src/lib_xconv_hw.o" "../src/lib_xconv_hw.c"
../src/lib_xconv_hw.c:23:2: error: 'XPAR_HLS_ACCEL_0_S_AXI_CONTROL_BUS_BASEADDR' undeclared here (not in a function)
  XPAR_HLS_ACCEL_0_S_AXI_CONTROL_BUS_BASEADDR
  ^
../src/lib_xconv_hw.c: In function 'xconvSetupInterrupt':
../src/lib_xconv_hw.c:90:35: error: 'XPAR_FABRIC_HLS_ACCEL_1_INTERRUPT_INTR' undeclared (first use in this function)
  result = XScuGic_Connect(&ScuGic,XPAR_FABRIC_HLS_ACCEL_1_INTERRUPT_INTR,(Xil_InterruptHandler)xconvIsr,&xconv_dev);
                                   ^
../src/lib_xconv_hw.c:90:35: note: each undeclared identifier is reported only once for each function it appears in
make: *** [src/lib_xconv_hw.o] 오류 1
18:11:14 **** Auto Build of configuration Debug for project conv ****
make all 
'Building file: ../src/lib_xconv_hw.c'
'Invoking: ARM gcc compiler'
arm-xilinx-eabi-gcc -Wall -O0 -g3 -c -fmessage-length=0 -MT"src/lib_xconv_hw.o" -I../../standalone_bsp_0/ps7_cortexa9_0/include -MMD -MP -MF"src/lib_xconv_hw.d" -MT"src/lib_xconv_hw.d" -o "src/lib_xconv_hw.o" "../src/lib_xconv_hw.c"
../src/lib_xconv_hw.c: In function 'xconvSetupInterrupt':
../src/lib_xconv_hw.c:90:35: error: 'XPAR_FABRIC_HLS_ACCEL_1_INTERRUPT_INTR' undeclared (first use in this function)
  result = XScuGic_Connect(&ScuGic,XPAR_FABRIC_HLS_ACCEL_1_INTERRUPT_INTR,(Xil_InterruptHandler)xconvIsr,&xconv_dev);
                                   ^
../src/lib_xconv_hw.c:90:35: note: each undeclared identifier is reported only once for each function it appears in
make: *** [src/lib_xconv_hw.o] 오류 1
18:12:05 **** Auto Build of configuration Debug for project conv ****
make all 
'Building file: ../src/lib_xconv_hw.c'
'Invoking: ARM gcc compiler'
arm-xilinx-eabi-gcc -Wall -O0 -g3 -c -fmessage-length=0 -MT"src/lib_xconv_hw.o" -I../../standalone_bsp_0/ps7_cortexa9_0/include -MMD -MP -MF"src/lib_xconv_hw.d" -MT"src/lib_xconv_hw.d" -o "src/lib_xconv_hw.o" "../src/lib_xconv_hw.c"
../src/lib_xconv_hw.c: In function 'xconvSetupInterrupt':
../src/lib_xconv_hw.c:95:25: error: 'XPAR_FABRIC_HLS_ACCEL_1_INTERRUPT_INTR' undeclared (first use in this function)
  XScuGic_Enable(&ScuGic,XPAR_FABRIC_HLS_ACCEL_1_INTERRUPT_INTR);
                         ^
../src/lib_xconv_hw.c:95:25: note: each undeclared identifier is reported only once for each function it appears in
make: *** [src/lib_xconv_hw.o] 오류 1
18:12:29 **** Auto Build of configuration Debug for project conv ****
make all 
'Building file: ../src/lib_xconv_hw.c'
'Invoking: ARM gcc compiler'
arm-xilinx-eabi-gcc -Wall -O0 -g3 -c -fmessage-length=0 -MT"src/lib_xconv_hw.o" -I../../standalone_bsp_0/ps7_cortexa9_0/include -MMD -MP -MF"src/lib_xconv_hw.d" -MT"src/lib_xconv_hw.d" -o "src/lib_xconv_hw.o" "../src/lib_xconv_hw.c"
'Finished building: ../src/lib_xconv_hw.c'
' '
'Building file: ../src/main.c'
'Invoking: ARM gcc compiler'
arm-xilinx-eabi-gcc -Wall -O0 -g3 -c -fmessage-length=0 -MT"src/main.o" -I../../standalone_bsp_0/ps7_cortexa9_0/include -MMD -MP -MF"src/main.d" -MT"src/main.d" -o "src/main.o" "../src/main.c"
../src/main.c:54:27: fatal error: lib_xmmult_hw.h: No such file or directory
 #include "lib_xmmult_hw.h"
                           ^
compilation terminated.
make: *** [src/main.o] 오류 1
18:16:06 **** Auto Build of configuration Debug for project conv ****
make all 
'Building file: ../src/lib_xconv_hw.c'
'Invoking: ARM gcc compiler'
arm-xilinx-eabi-gcc -Wall -O0 -g3 -c -fmessage-length=0 -MT"src/lib_xconv_hw.o" -I../../standalone_bsp_0/ps7_cortexa9_0/include -MMD -MP -MF"src/lib_xconv_hw.d" -MT"src/lib_xconv_hw.d" -o "src/lib_xconv_hw.o" "../src/lib_xconv_hw.c"
'Finished building: ../src/lib_xconv_hw.c'
' '
'Building file: ../src/main.c'
'Invoking: ARM gcc compiler'
arm-xilinx-eabi-gcc -Wall -O0 -g3 -c -fmessage-length=0 -MT"src/main.o" -I../../standalone_bsp_0/ps7_cortexa9_0/include -MMD -MP -MF"src/main.d" -MT"src/main.d" -o "src/main.o" "../src/main.c"
../src/main.c:54:27: fatal error: lib_xmmult_hw.h: No such file or directory
 #include "lib_xmmult_hw.h"
                           ^
compilation terminated.
make: *** [src/main.o] 오류 1
18:17:38 **** Auto Build of configuration Debug for project conv ****
make all 
'Building file: ../src/lib_xconv_hw.c'
'Invoking: ARM gcc compiler'
arm-xilinx-eabi-gcc -Wall -O0 -g3 -c -fmessage-length=0 -MT"src/lib_xconv_hw.o" -I../../standalone_bsp_0/ps7_cortexa9_0/include -MMD -MP -MF"src/lib_xconv_hw.d" -MT"src/lib_xconv_hw.d" -o "src/lib_xconv_hw.o" "../src/lib_xconv_hw.c"
../src/lib_xconv_hw.c:99:5: error: conflicting types for 'Setup_HW_Accelerator'
 int Setup_HW_Accelerator(float image[NUM_FEATURES_1][IMAGE_SIZE_1][IMAGE_SIZE_1], float filter[NUM_FILTERS_1][NUM_FEATURES_1][FILTER_SIZE_1][FILTER_SIZE_1], float bias[NUM_FILTERS_1], float feature_map[NUM_FILTERS_1][OUTPUT_SIZE_1][OUTPUT_SIZE_1], int dma_size)
     ^
In file included from ../src/lib_xconv_hw.c:10:0:
../src/lib_xconv_hw.h:19:5: note: previous declaration of 'Setup_HW_Accelerator' was here
 int Setup_HW_Accelerator(float A[DIM][DIM], float B[DIM][DIM], float res_hw[DIM][DIM], int dma_size);
     ^
../src/lib_xconv_hw.c: In function 'Setup_HW_Accelerator':
../src/lib_xconv_hw.c:117:37: error: 'A' undeclared (first use in this function)
  Xil_DCacheFlushRange((unsigned int)A,dma_size);
                                     ^
../src/lib_xconv_hw.c:117:37: note: each undeclared identifier is reported only once for each function it appears in
../src/lib_xconv_hw.c:118:37: error: 'B' undeclared (first use in this function)
  Xil_DCacheFlushRange((unsigned int)B,dma_size);
                                     ^
../src/lib_xconv_hw.c:119:37: error: 'res_hw' undeclared (first use in this function)
  Xil_DCacheFlushRange((unsigned int)res_hw,dma_size);
                                     ^
make: *** [src/lib_xconv_hw.o] 오류 1
18:19:28 **** Auto Build of configuration Debug for project conv ****
make all 
'Building file: ../src/lib_xconv_hw.c'
'Invoking: ARM gcc compiler'
arm-xilinx-eabi-gcc -Wall -O0 -g3 -c -fmessage-length=0 -MT"src/lib_xconv_hw.o" -I../../standalone_bsp_0/ps7_cortexa9_0/include -MMD -MP -MF"src/lib_xconv_hw.d" -MT"src/lib_xconv_hw.d" -o "src/lib_xconv_hw.o" "../src/lib_xconv_hw.c"
../src/lib_xconv_hw.c:99:5: error: conflicting types for 'Setup_HW_Accelerator'
 int Setup_HW_Accelerator(float image[NUM_FEATURES_1][IMAGE_SIZE_1][IMAGE_SIZE_1], float filter[NUM_FILTERS_1][NUM_FEATURES_1][FILTER_SIZE_1][FILTER_SIZE_1], float bias[NUM_FILTERS_1], float feature_map[NUM_FILTERS_1][OUTPUT_SIZE_1][OUTPUT_SIZE_1], int dma_size)
     ^
In file included from ../src/lib_xconv_hw.c:10:0:
../src/lib_xconv_hw.h:19:5: note: previous declaration of 'Setup_HW_Accelerator' was here
 int Setup_HW_Accelerator(float A[DIM][DIM], float B[DIM][DIM], float res_hw[DIM][DIM], int dma_size);
     ^
../src/lib_xconv_hw.c: In function 'Setup_HW_Accelerator':
../src/lib_xconv_hw.c:120:37: error: 'feature' undeclared (first use in this function)
  Xil_DCacheFlushRange((unsigned int)feature,dma_size);
                                     ^
../src/lib_xconv_hw.c:120:37: note: each undeclared identifier is reported only once for each function it appears in
make: *** [src/lib_xconv_hw.o] 오류 1
18:19:40 **** Auto Build of configuration Debug for project conv ****
make all 
'Building file: ../src/lib_xconv_hw.c'
'Invoking: ARM gcc compiler'
arm-xilinx-eabi-gcc -Wall -O0 -g3 -c -fmessage-length=0 -MT"src/lib_xconv_hw.o" -I../../standalone_bsp_0/ps7_cortexa9_0/include -MMD -MP -MF"src/lib_xconv_hw.d" -MT"src/lib_xconv_hw.d" -o "src/lib_xconv_hw.o" "../src/lib_xconv_hw.c"
../src/lib_xconv_hw.c:99:5: error: conflicting types for 'Setup_HW_Accelerator'
 int Setup_HW_Accelerator(float image[NUM_FEATURES_1][IMAGE_SIZE_1][IMAGE_SIZE_1], float filter[NUM_FILTERS_1][NUM_FEATURES_1][FILTER_SIZE_1][FILTER_SIZE_1], float bias[NUM_FILTERS_1], float feature_map[NUM_FILTERS_1][OUTPUT_SIZE_1][OUTPUT_SIZE_1], int dma_size)
     ^
In file included from ../src/lib_xconv_hw.c:10:0:
../src/lib_xconv_hw.h:19:5: note: previous declaration of 'Setup_HW_Accelerator' was here
 int Setup_HW_Accelerator(float A[DIM][DIM], float B[DIM][DIM], float res_hw[DIM][DIM], int dma_size);
     ^
../src/lib_xconv_hw.c: In function 'Setup_HW_Accelerator':
../src/lib_xconv_hw.c:120:37: error: 'feature' undeclared (first use in this function)
  Xil_DCacheFlushRange((unsigned int)feature,dma_size);
                                     ^
../src/lib_xconv_hw.c:120:37: note: each undeclared identifier is reported only once for each function it appears in
make: *** [src/lib_xconv_hw.o] 오류 1
18:20:21 **** Auto Build of configuration Debug for project conv ****
make all 
'Building file: ../src/lib_xconv_hw.c'
'Invoking: ARM gcc compiler'
arm-xilinx-eabi-gcc -Wall -O0 -g3 -c -fmessage-length=0 -MT"src/lib_xconv_hw.o" -I../../standalone_bsp_0/ps7_cortexa9_0/include -MMD -MP -MF"src/lib_xconv_hw.d" -MT"src/lib_xconv_hw.d" -o "src/lib_xconv_hw.o" "../src/lib_xconv_hw.c"
../src/lib_xconv_hw.c:99:5: error: conflicting types for 'Setup_HW_Accelerator'
 int Setup_HW_Accelerator(float image[NUM_FEATURES_1][IMAGE_SIZE_1][IMAGE_SIZE_1], float filter[NUM_FILTERS_1][NUM_FEATURES_1][FILTER_SIZE_1][FILTER_SIZE_1], float bias[NUM_FILTERS_1], float feature_map[NUM_FILTERS_1][OUTPUT_SIZE_1][OUTPUT_SIZE_1], int dma_size)
     ^
In file included from ../src/lib_xconv_hw.c:10:0:
../src/lib_xconv_hw.h:19:5: note: previous declaration of 'Setup_HW_Accelerator' was here
 int Setup_HW_Accelerator(float A[DIM][DIM], float B[DIM][DIM], float res_hw[DIM][DIM], int dma_size);
     ^
../src/lib_xconv_hw.c: In function 'Setup_HW_Accelerator':
../src/lib_xconv_hw.c:120:37: error: 'feature' undeclared (first use in this function)
  Xil_DCacheFlushRange((unsigned int)feature,dma_size);
                                     ^
../src/lib_xconv_hw.c:120:37: note: each undeclared identifier is reported only once for each function it appears in
make: *** [src/lib_xconv_hw.o] 오류 1
18:20:47 **** Auto Build of configuration Debug for project conv ****
make all 
'Building file: ../src/lib_xconv_hw.c'
'Invoking: ARM gcc compiler'
arm-xilinx-eabi-gcc -Wall -O0 -g3 -c -fmessage-length=0 -MT"src/lib_xconv_hw.o" -I../../standalone_bsp_0/ps7_cortexa9_0/include -MMD -MP -MF"src/lib_xconv_hw.d" -MT"src/lib_xconv_hw.d" -o "src/lib_xconv_hw.o" "../src/lib_xconv_hw.c"
../src/lib_xconv_hw.c:99:5: error: conflicting types for 'Setup_HW_Accelerator'
 int Setup_HW_Accelerator(float image[NUM_FEATURES_1][IMAGE_SIZE_1][IMAGE_SIZE_1], float filter[NUM_FILTERS_1][NUM_FEATURES_1][FILTER_SIZE_1][FILTER_SIZE_1], float bias[NUM_FILTERS_1], float feature_map[NUM_FILTERS_1][OUTPUT_SIZE_1][OUTPUT_SIZE_1], int dma_size)
     ^
In file included from ../src/lib_xconv_hw.c:10:0:
../src/lib_xconv_hw.h:19:5: note: previous declaration of 'Setup_HW_Accelerator' was here
 int Setup_HW_Accelerator(float A[DIM][DIM], float B[DIM][DIM], float res_hw[DIM][DIM], int dma_size);
     ^
../src/lib_xconv_hw.c: In function 'Setup_HW_Accelerator':
../src/lib_xconv_hw.c:120:37: error: 'feature' undeclared (first use in this function)
  Xil_DCacheFlushRange((unsigned int)feature,NUM_FILTERS_1*OUTPUT_SIZE_1*OUTPUT_SIZE_1);
                                     ^
../src/lib_xconv_hw.c:120:37: note: each undeclared identifier is reported only once for each function it appears in
make: *** [src/lib_xconv_hw.o] 오류 1
18:20:59 **** Auto Build of configuration Debug for project conv ****
make all 
'Building file: ../src/lib_xconv_hw.c'
'Invoking: ARM gcc compiler'
arm-xilinx-eabi-gcc -Wall -O0 -g3 -c -fmessage-length=0 -MT"src/lib_xconv_hw.o" -I../../standalone_bsp_0/ps7_cortexa9_0/include -MMD -MP -MF"src/lib_xconv_hw.d" -MT"src/lib_xconv_hw.d" -o "src/lib_xconv_hw.o" "../src/lib_xconv_hw.c"
../src/lib_xconv_hw.c: In function 'Setup_HW_Accelerator':
../src/lib_xconv_hw.c:16:21: error: storage class specified for parameter 'RunExample'
 volatile static int RunExample = 0;
                     ^
../src/lib_xconv_hw.c:16:1: error: parameter 'RunExample' is initialized
 volatile static int RunExample = 0;
 ^
../src/lib_xconv_hw.c:17:21: error: storage class specified for parameter 'ResultExample'
 volatile static int ResultExample = 0;
                     ^
../src/lib_xconv_hw.c:17:1: error: parameter 'ResultExample' is initialized
 volatile static int ResultExample = 0;
 ^
../src/lib_xconv_hw.c:21:1: error: parameter 'xconv_config' is initialized
 XConv_accel_Config xconv_config = {
 ^
../src/lib_xconv_hw.c:30:16: error: storage class specified for parameter 'AxiDma'
 extern XAxiDma AxiDma;
                ^
../src/lib_xconv_hw.c:33:17: error: expected '=', ',', ';', 'asm' or '__attribute__' before '{' token
 int xconvSetup(){
                 ^
../src/lib_xconv_hw.c:37:35: error: expected '=', ',', ';', 'asm' or '__attribute__' before '{' token
 void xconvStart(void *InstancePtr){
                                   ^
../src/lib_xconv_hw.c:45:33: error: expected '=', ',', ';', 'asm' or '__attribute__' before '{' token
 void xconvIsr(void *InstancePtr){
                                 ^
../src/lib_xconv_hw.c:64:1: error: expected '=', ',', ';', 'asm' or '__attribute__' before '{' token
 {
 ^
../src/lib_xconv_hw.c:101:1: error: expected '=', ',', ';', 'asm' or '__attribute__' before '{' token
 {
 ^
../src/lib_xconv_hw.c:128:1: error: expected '=', ',', ';', 'asm' or '__attribute__' before '{' token
 {
 ^
../src/lib_xconv_hw.c:149:1: error: expected '=', ',', ';', 'asm' or '__attribute__' before '{' token
 {
 ^
../src/lib_xconv_hw.c:168:1: error: expected '=', ',', ';', 'asm' or '__attribute__' before '{' token
 {
 ^
In file included from ../src/lib_xconv_hw.c:10:0:
../src/lib_xconv_hw.h:19:5: error: old-style parameter declarations in prototyped function definition
 int Setup_HW_Accelerator(float image[NUM_FEATURES_1][IMAGE_SIZE_1][IMAGE_SIZE_1], float filter[NUM_FILTERS_1][NUM_FEATURES_1][FILTER_SIZE_1][FILTER_SIZE_1], float bias[NUM_FILTERS_1], float feature_map[NUM_FILTERS_1][OUTPUT_SIZE_1][OUTPUT_SIZE_1], int dma_size)
     ^
../src/lib_xconv_hw.c:212:1: error: expected '{' at end of input
 }
 ^
../src/lib_xconv_hw.c:212:1: warning: control reaches end of non-void function [-Wreturn-type]
 }
 ^
make: *** [src/lib_xconv_hw.o] 오류 1
18:21:48 **** Auto Build of configuration Debug for project conv ****
make all 
'Building file: ../src/lib_xconv_hw.c'
'Invoking: ARM gcc compiler'
arm-xilinx-eabi-gcc -Wall -O0 -g3 -c -fmessage-length=0 -MT"src/lib_xconv_hw.o" -I../../standalone_bsp_0/ps7_cortexa9_0/include -MMD -MP -MF"src/lib_xconv_hw.d" -MT"src/lib_xconv_hw.d" -o "src/lib_xconv_hw.o" "../src/lib_xconv_hw.c"
../src/lib_xconv_hw.c: In function 'Setup_HW_Accelerator':
../src/lib_xconv_hw.c:120:37: error: 'feature' undeclared (first use in this function)
  Xil_DCacheFlushRange((unsigned int)feature,NUM_FILTERS_1*OUTPUT_SIZE_1*OUTPUT_SIZE_1);
                                     ^
../src/lib_xconv_hw.c:120:37: note: each undeclared identifier is reported only once for each function it appears in
make: *** [src/lib_xconv_hw.o] 오류 1
18:21:51 **** Auto Build of configuration Debug for project conv ****
make all 
'Building file: ../src/lib_xconv_hw.c'
'Invoking: ARM gcc compiler'
arm-xilinx-eabi-gcc -Wall -O0 -g3 -c -fmessage-length=0 -MT"src/lib_xconv_hw.o" -I../../standalone_bsp_0/ps7_cortexa9_0/include -MMD -MP -MF"src/lib_xconv_hw.d" -MT"src/lib_xconv_hw.d" -o "src/lib_xconv_hw.o" "../src/lib_xconv_hw.c"
../src/lib_xconv_hw.c: In function 'Setup_HW_Accelerator':
../src/lib_xconv_hw.c:119:37: error: 'feature' undeclared (first use in this function)
  Xil_DCacheFlushRange((unsigned int)feature,NUM_FILTERS_1*OUTPUT_SIZE_1*OUTPUT_SIZE_1);
                                     ^
../src/lib_xconv_hw.c:119:37: note: each undeclared identifier is reported only once for each function it appears in
make: *** [src/lib_xconv_hw.o] 오류 1
18:22:10 **** Auto Build of configuration Debug for project conv ****
make all 
'Building file: ../src/lib_xconv_hw.c'
'Invoking: ARM gcc compiler'
arm-xilinx-eabi-gcc -Wall -O0 -g3 -c -fmessage-length=0 -MT"src/lib_xconv_hw.o" -I../../standalone_bsp_0/ps7_cortexa9_0/include -MMD -MP -MF"src/lib_xconv_hw.d" -MT"src/lib_xconv_hw.d" -o "src/lib_xconv_hw.o" "../src/lib_xconv_hw.c"
'Finished building: ../src/lib_xconv_hw.c'
' '
'Building file: ../src/main.c'
'Invoking: ARM gcc compiler'
arm-xilinx-eabi-gcc -Wall -O0 -g3 -c -fmessage-length=0 -MT"src/main.o" -I../../standalone_bsp_0/ps7_cortexa9_0/include -MMD -MP -MF"src/main.d" -MT"src/main.d" -o "src/main.o" "../src/main.c"
../src/main.c:54:27: fatal error: lib_xmmult_hw.h: No such file or directory
 #include "lib_xmmult_hw.h"
                           ^
compilation terminated.
make: *** [src/main.o] 오류 1
18:22:53 **** Auto Build of configuration Debug for project conv ****
make all 
'Building file: ../src/lib_xconv_hw.c'
'Invoking: ARM gcc compiler'
arm-xilinx-eabi-gcc -Wall -O0 -g3 -c -fmessage-length=0 -MT"src/lib_xconv_hw.o" -I../../standalone_bsp_0/ps7_cortexa9_0/include -MMD -MP -MF"src/lib_xconv_hw.d" -MT"src/lib_xconv_hw.d" -o "src/lib_xconv_hw.o" "../src/lib_xconv_hw.c"
'Finished building: ../src/lib_xconv_hw.c'
' '
'Building file: ../src/main.c'
'Invoking: ARM gcc compiler'
arm-xilinx-eabi-gcc -Wall -O0 -g3 -c -fmessage-length=0 -MT"src/main.o" -I../../standalone_bsp_0/ps7_cortexa9_0/include -MMD -MP -MF"src/main.d" -MT"src/main.d" -o "src/main.o" "../src/main.c"
../src/main.c:54:27: fatal error: lib_xmmult_hw.h: No such file or directory
 #include "lib_xmmult_hw.h"
                           ^
compilation terminated.
make: *** [src/main.o] 오류 1
18:23:24 **** Auto Build of configuration Debug for project conv ****
make all 
'Building file: ../src/lib_xconv_hw.c'
'Invoking: ARM gcc compiler'
arm-xilinx-eabi-gcc -Wall -O0 -g3 -c -fmessage-length=0 -MT"src/lib_xconv_hw.o" -I../../standalone_bsp_0/ps7_cortexa9_0/include -MMD -MP -MF"src/lib_xconv_hw.d" -MT"src/lib_xconv_hw.d" -o "src/lib_xconv_hw.o" "../src/lib_xconv_hw.c"
../src/lib_xconv_hw.c: In function 'matrix_conv_ref':
../src/lib_xconv_hw.c:140:12: error: 'a' undeclared (first use in this function)
     sum += a[ia][id] * b[id][ib];
            ^
../src/lib_xconv_hw.c:140:12: note: each undeclared identifier is reported only once for each function it appears in
../src/lib_xconv_hw.c:140:24: error: 'b' undeclared (first use in this function)
     sum += a[ia][id] * b[id][ib];
                        ^
../src/lib_xconv_hw.c:142:4: error: 'out' undeclared (first use in this function)
    out[ia][ib] = sum;
    ^
make: *** [src/lib_xconv_hw.o] 오류 1
18:23:49 **** Auto Build of configuration Debug for project conv ****
make all 
'Building file: ../src/lib_xconv_hw.c'
'Invoking: ARM gcc compiler'
arm-xilinx-eabi-gcc -Wall -O0 -g3 -c -fmessage-length=0 -MT"src/lib_xconv_hw.o" -I../../standalone_bsp_0/ps7_cortexa9_0/include -MMD -MP -MF"src/lib_xconv_hw.d" -MT"src/lib_xconv_hw.d" -o "src/lib_xconv_hw.o" "../src/lib_xconv_hw.c"
../src/lib_xconv_hw.c: In function 'matrix_conv_ref':
../src/lib_xconv_hw.c:131:23: error: 'OUTPUT_SIZE' undeclared (first use in this function)
   int feature_sizex = OUTPUT_SIZE;
                       ^
../src/lib_xconv_hw.c:131:23: note: each undeclared identifier is reported only once for each function it appears in
[...]
          ^
../src/main.c:111:6: warning: variable 'num_of_trials' set but not used [-Wunused-but-set-variable]
  int num_of_trials = 1;
      ^
'Finished building: ../src/main.c'
' '
'Building target: conv_app.elf'
'Invoking: ARM gcc linker'
arm-xilinx-eabi-gcc -Wl,-T -Wl,../src/lscript.ld -L../../standalone_bsp_0/ps7_cortexa9_0/lib -o "conv_app.elf"  ./src/lib_xconv_hw.o ./src/main.o ./src/platform.o   -Wl,--start-group,-lxil,-lgcc,-lc,--end-group
'Finished building target: conv_app.elf'
' '
'Invoking: ARM Print Size'
arm-xilinx-eabi-size conv_app.elf  |tee "conv_app.elf.size"
   text	   data	    bss	    dec	    hex	filename
  46556	  27960	  53044	 127560	  1f248	conv_app.elf
'Finished building: conv_app.elf.size'
' '
18:18:17 **** Auto Build of configuration Debug for project conv_app ****
make all 
'Building file: ../src/main.c'
'Invoking: ARM gcc compiler'
arm-xilinx-eabi-gcc -Wall -O0 -g3 -c -fmessage-length=0 -MT"src/main.o" -I../../standalone_bsp_0/ps7_cortexa9_0/include -MMD -MP -MF"src/main.d" -MT"src/main.d" -o "src/main.o" "../src/main.c"
../src/main.c: In function 'main':
../src/main.c:251:6: warning: implicit declaration of function 'fabs' [-Wimplicit-function-declaration]
      if (fabs(feature_map_sw[i][j][k]-answer[i][j][k])>0.00001) {
      ^
../src/main.c:251:10: warning: incompatible implicit declaration of built-in function 'fabs'
      if (fabs(feature_map_sw[i][j][k]-answer[i][j][k])>0.00001) {
          ^
../src/main.c:251:48: error: subscripted value is neither array nor pointer nor vector
      if (fabs(feature_map_sw[i][j][k]-answer[i][j][k])>0.00001) {
                                                ^
../src/main.c:111:6: warning: variable 'num_of_trials' set but not used [-Wunused-but-set-variable]
  int num_of_trials = 1;
      ^
make: *** [src/main.o] 오류 1
18:18:27 **** Auto Build of configuration Debug for project conv_app ****
make all 
'Building file: ../src/main.c'
'Invoking: ARM gcc compiler'
arm-xilinx-eabi-gcc -Wall -O0 -g3 -c -fmessage-length=0 -MT"src/main.o" -I../../standalone_bsp_0/ps7_cortexa9_0/include -MMD -MP -MF"src/main.d" -MT"src/main.d" -o "src/main.o" "../src/main.c"
../src/main.c: In function 'main':
../src/main.c:251:6: warning: implicit declaration of function 'fabs' [-Wimplicit-function-declaration]
      if (fabs(feature_map_sw[i][j][k]-answer[i])>0.00001) {
      ^
../src/main.c:251:10: warning: incompatible implicit declaration of built-in function 'fabs'
      if (fabs(feature_map_sw[i][j][k]-answer[i])>0.00001) {
          ^
../src/main.c:111:6: warning: variable 'num_of_trials' set but not used [-Wunused-but-set-variable]
  int num_of_trials = 1;
      ^
'Finished building: ../src/main.c'
' '
'Building target: conv_app.elf'
'Invoking: ARM gcc linker'
arm-xilinx-eabi-gcc -Wl,-T -Wl,../src/lscript.ld -L../../standalone_bsp_0/ps7_cortexa9_0/lib -o "conv_app.elf"  ./src/lib_xconv_hw.o ./src/main.o ./src/platform.o   -Wl,--start-group,-lxil,-lgcc,-lc,--end-group
'Finished building target: conv_app.elf'
' '
'Invoking: ARM Print Size'
arm-xilinx-eabi-size conv_app.elf  |tee "conv_app.elf.size"
   text	   data	    bss	    dec	    hex	filename
  46492	  27960	  53044	 127496	  1f208	conv_app.elf
'Finished building: conv_app.elf.size'
' '
18:18:59 **** Auto Build of configuration Debug for project conv_app ****
make all 
'Building file: ../src/main.c'
'Invoking: ARM gcc compiler'
arm-xilinx-eabi-gcc -Wall -O0 -g3 -c -fmessage-length=0 -MT"src/main.o" -I../../standalone_bsp_0/ps7_cortexa9_0/include -MMD -MP -MF"src/main.d" -MT"src/main.d" -o "src/main.o" "../src/main.c"
../src/main.c: In function 'main':
../src/main.c:251:6: warning: implicit declaration of function 'fabs' [-Wimplicit-function-declaration]
      if (fabs(feature_map_sw[i][j][k]-answer[OUTPUT_SIZE_1*OUTPUT_SIZE_1*i + OUTPUT_SIZE_1*j + k])>0.00001) {
      ^
../src/main.c:251:10: warning: incompatible implicit declaration of built-in function 'fabs'
      if (fabs(feature_map_sw[i][j][k]-answer[OUTPUT_SIZE_1*OUTPUT_SIZE_1*i + OUTPUT_SIZE_1*j + k])>0.00001) {
          ^
../src/main.c:111:6: warning: variable 'num_of_trials' set but not used [-Wunused-but-set-variable]
  int num_of_trials = 1;
      ^
'Finished building: ../src/main.c'
' '
'Building target: conv_app.elf'
'Invoking: ARM gcc linker'
arm-xilinx-eabi-gcc -Wl,-T -Wl,../src/lscript.ld -L../../standalone_bsp_0/ps7_cortexa9_0/lib -o "conv_app.elf"  ./src/lib_xconv_hw.o ./src/main.o ./src/platform.o   -Wl,--start-group,-lxil,-lgcc,-lc,--end-group
'Finished building target: conv_app.elf'
' '
'Invoking: ARM Print Size'
arm-xilinx-eabi-size conv_app.elf  |tee "conv_app.elf.size"
   text	   data	    bss	    dec	    hex	filename
  46556	  27960	  53044	 127560	  1f248	conv_app.elf
'Finished building: conv_app.elf.size'
' '
18:19:08 **** Incremental Build of configuration Debug for project conv_app ****
make all 
make: `all'를 위해 할 일이 없습니다
18:19:44 **** Incremental Build of configuration Debug for project conv_app ****
make all 
make: `all'를 위해 할 일이 없습니다
18:20:22 **** Auto Build of configuration Debug for project conv_app ****
make all 
'Building file: ../src/main.c'
'Invoking: ARM gcc compiler'
arm-xilinx-eabi-gcc -Wall -O0 -g3 -c -fmessage-length=0 -MT"src/main.o" -I../../standalone_bsp_0/ps7_cortexa9_0/include -MMD -MP -MF"src/main.d" -MT"src/main.d" -o "src/main.o" "../src/main.c"
../src/main.c: In function 'main':
../src/main.c:251:6: warning: implicit declaration of function 'fabs' [-Wimplicit-function-declaration]
      if (fabs(feature_map_sw[i][j][k]-feature_map_hw[i][j][k])>0.00001) {
      ^
../src/main.c:251:10: warning: incompatible implicit declaration of built-in function 'fabs'
      if (fabs(feature_map_sw[i][j][k]-feature_map_hw[i][j][k])>0.00001) {
          ^
../src/main.c:111:6: warning: variable 'num_of_trials' set but not used [-Wunused-but-set-variable]
  int num_of_trials = 1;
      ^
'Finished building: ../src/main.c'
' '
'Building target: conv_app.elf'
'Invoking: ARM gcc linker'
arm-xilinx-eabi-gcc -Wl,-T -Wl,../src/lscript.ld -L../../standalone_bsp_0/ps7_cortexa9_0/lib -o "conv_app.elf"  ./src/lib_xconv_hw.o ./src/main.o ./src/platform.o   -Wl,--start-group,-lxil,-lgcc,-lc,--end-group
'Finished building target: conv_app.elf'
' '
'Invoking: ARM Print Size'
arm-xilinx-eabi-size conv_app.elf  |tee "conv_app.elf.size"
   text	   data	    bss	    dec	    hex	filename
  46556	  27960	  53044	 127560	  1f248	conv_app.elf
'Finished building: conv_app.elf.size'
' '
18:20:26 **** Clean-only build of configuration Debug for project conv_app ****
make clean 
rm -rf  ./src/lib_xconv_hw.o ./src/main.o ./src/platform.o  ./src/lib_xconv_hw.d ./src/main.d ./src/platform.d  conv_app.elf.size  conv_app.elf
' '
18:20:27 **** Auto Build of configuration Debug for project conv_app ****
make all 
'Building file: ../src/lib_xconv_hw.c'
'Invoking: ARM gcc compiler'
arm-xilinx-eabi-gcc -Wall -O0 -g3 -c -fmessage-length=0 -MT"src/lib_xconv_hw.o" -I../../standalone_bsp_0/ps7_cortexa9_0/include -MMD -MP -MF"src/lib_xconv_hw.d" -MT"src/lib_xconv_hw.d" -o "src/lib_xconv_hw.o" "../src/lib_xconv_hw.c"
'Finished building: ../src/lib_xconv_hw.c'
' '
'Building file: ../src/main.c'
'Invoking: ARM gcc compiler'
arm-xilinx-eabi-gcc -Wall -O0 -g3 -c -fmessage-length=0 -MT"src/main.o" -I../../standalone_bsp_0/ps7_cortexa9_0/include -MMD -MP -MF"src/main.d" -MT"src/main.d" -o "src/main.o" "../src/main.c"
../src/main.c:59:20: fatal error: output.h: No such file or directory
 #include "output.h"
                    ^
compilation terminated.
make: *** [src/main.o] 오류 1
18:20:33 **** Auto Build of configuration Debug for project conv_app ****
make all 
'Building file: ../src/main.c'
'Invoking: ARM gcc compiler'
arm-xilinx-eabi-gcc -Wall -O0 -g3 -c -fmessage-length=0 -MT"src/main.o" -I../../standalone_bsp_0/ps7_cortexa9_0/include -MMD -MP -MF"src/main.d" -MT"src/main.d" -o "src/main.o" "../src/main.c"
../src/main.c: In function 'main':
../src/main.c:250:6: warning: implicit declaration of function 'fabs' [-Wimplicit-function-declaration]
      if (fabs(feature_map_sw[i][j][k]-feature_map_hw[i][j][k])>0.00001) {
      ^
../src/main.c:250:10: warning: incompatible implicit declaration of built-in function 'fabs'
      if (fabs(feature_map_sw[i][j][k]-feature_map_hw[i][j][k])>0.00001) {
          ^
../src/main.c:110:6: warning: variable 'num_of_trials' set but not used [-Wunused-but-set-variable]
  int num_of_trials = 1;
      ^
'Finished building: ../src/main.c'
' '
'Building file: ../src/platform.c'
'Invoking: ARM gcc compiler'
arm-xilinx-eabi-gcc -Wall -O0 -g3 -c -fmessage-length=0 -MT"src/platform.o" -I../../standalone_bsp_0/ps7_cortexa9_0/include -MMD -MP -MF"src/platform.d" -MT"src/platform.d" -o "src/platform.o" "../src/platform.c"
'Finished building: ../src/platform.c'
' '
'Building target: conv_app.elf'
'Invoking: ARM gcc linker'
arm-xilinx-eabi-gcc -Wl,-T -Wl,../src/lscript.ld -L../../standalone_bsp_0/ps7_cortexa9_0/lib -o "conv_app.elf"  ./src/lib_xconv_hw.o ./src/main.o ./src/platform.o   -Wl,--start-group,-lxil,-lgcc,-lc,--end-group
'Finished building target: conv_app.elf'
' '
'Invoking: ARM Print Size'
arm-xilinx-eabi-size conv_app.elf  |tee "conv_app.elf.size"
   text	   data	    bss	    dec	    hex	filename
  46556	  11960	  53044	 111560	  1b3c8	conv_app.elf
'Finished building: conv_app.elf.size'
' '
18:20:41 **** Clean-only build of configuration Debug for project conv_app ****
make clean 
rm -rf  ./src/lib_xconv_hw.o ./src/main.o ./src/platform.o  ./src/lib_xconv_hw.d ./src/main.d ./src/platform.d  conv_app.elf.size  conv_app.elf
' '
18:20:42 **** Auto Build of configuration Debug for project conv_app ****
make all 
'Building file: ../src/lib_xconv_hw.c'
'Invoking: ARM gcc compiler'
arm-xilinx-eabi-gcc -Wall -O0 -g3 -c -fmessage-length=0 -MT"src/lib_xconv_hw.o" -I../../standalone_bsp_0/ps7_cortexa9_0/include -MMD -MP -MF"src/lib_xconv_hw.d" -MT"src/lib_xconv_hw.d" -o "src/lib_xconv_hw.o" "../src/lib_xconv_hw.c"
'Finished building: ../src/lib_xconv_hw.c'
' '
'Building file: ../src/main.c'
'Invoking: ARM gcc compiler'
arm-xilinx-eabi-gcc -Wall -O0 -g3 -c -fmessage-length=0 -MT"src/main.o" -I../../standalone_bsp_0/ps7_cortexa9_0/include -MMD -MP -MF"src/main.d" -MT"src/main.d" -o "src/main.o" "../src/main.c"
../src/main.c:58:25: fatal error: weight_conv.h: No such file or directory
 #include "weight_conv.h"
                         ^
compilation terminated.
make: *** [src/main.o] 오류 1
18:20:47 **** Auto Build of configuration Debug for project conv_app ****
make all 
'Building file: ../src/main.c'
'Invoking: ARM gcc compiler'
arm-xilinx-eabi-gcc -Wall -O0 -g3 -c -fmessage-length=0 -MT"src/main.o" -I../../standalone_bsp_0/ps7_cortexa9_0/include -MMD -MP -MF"src/main.d" -MT"src/main.d" -o "src/main.o" "../src/main.c"
../src/main.c: In function 'main':
../src/main.c:250:6: warning: implicit declaration of function 'fabs' [-Wimplicit-function-declaration]
      if (fabs(feature_map_sw[i][j][k]-feature_map_hw[i][j][k])>0.00001) {
      ^
../src/main.c:250:10: warning: incompatible implicit declaration of built-in function 'fabs'
      if (fabs(feature_map_sw[i][j][k]-feature_map_hw[i][j][k])>0.00001) {
          ^
../src/main.c:110:6: warning: variable 'num_of_trials' set but not used [-Wunused-but-set-variable]
  int num_of_trials = 1;
      ^
'Finished building: ../src/main.c'
' '
'Building file: ../src/platform.c'
'Invoking: ARM gcc compiler'
arm-xilinx-eabi-gcc -Wall -O0 -g3 -c -fmessage-length=0 -MT"src/platform.o" -I../../standalone_bsp_0/ps7_cortexa9_0/include -MMD -MP -MF"src/platform.d" -MT"src/platform.d" -o "src/platform.o" "../src/platform.c"
'Finished building: ../src/platform.c'
' '
'Building target: conv_app.elf'
'Invoking: ARM gcc linker'
arm-xilinx-eabi-gcc -Wl,-T -Wl,../src/lscript.ld -L../../standalone_bsp_0/ps7_cortexa9_0/lib -o "conv_app.elf"  ./src/lib_xconv_hw.o ./src/main.o ./src/platform.o   -Wl,--start-group,-lxil,-lgcc,-lc,--end-group
'Finished building target: conv_app.elf'
' '
'Invoking: ARM Print Size'
arm-xilinx-eabi-size conv_app.elf  |tee "conv_app.elf.size"
   text	   data	    bss	    dec	    hex	filename
  46556	  11960	  53044	 111560	  1b3c8	conv_app.elf
'Finished building: conv_app.elf.size'
' '
18:20:56 **** Clean-only build of configuration Debug for project conv_app ****
make clean 
rm -rf  ./src/lib_xconv_hw.o ./src/main.o ./src/platform.o  ./src/lib_xconv_hw.d ./src/main.d ./src/platform.d  conv_app.elf.size  conv_app.elf
' '
18:20:56 **** Auto Build of configuration Debug for project conv_app ****
make all 
'Building file: ../src/lib_xconv_hw.c'
'Invoking: ARM gcc compiler'
arm-xilinx-eabi-gcc -Wall -O0 -g3 -c -fmessage-length=0 -MT"src/lib_xconv_hw.o" -I../../standalone_bsp_0/ps7_cortexa9_0/include -MMD -MP -MF"src/lib_xconv_hw.d" -MT"src/lib_xconv_hw.d" -o "src/lib_xconv_hw.o" "../src/lib_xconv_hw.c"
'Finished building: ../src/lib_xconv_hw.c'
' '
'Building file: ../src/main.c'
'Invoking: ARM gcc compiler'
arm-xilinx-eabi-gcc -Wall -O0 -g3 -c -fmessage-length=0 -MT"src/main.o" -I../../standalone_bsp_0/ps7_cortexa9_0/include -MMD -MP -MF"src/main.d" -MT"src/main.d" -o "src/main.o" "../src/main.c"
../src/main.c:56:23: fatal error: bias_conv.h: No such file or directory
 #include "bias_conv.h"
                       ^
compilation terminated.
make: *** [src/main.o] 오류 1
18:21:01 **** Auto Build of configuration Debug for project conv_app ****
make all 
'Building file: ../src/main.c'
'Invoking: ARM gcc compiler'
arm-xilinx-eabi-gcc -Wall -O0 -g3 -c -fmessage-length=0 -MT"src/main.o" -I../../standalone_bsp_0/ps7_cortexa9_0/include -MMD -MP -MF"src/main.d" -MT"src/main.d" -o "src/main.o" "../src/main.c"
../src/main.c: In function 'main':
../src/main.c:250:6: warning: implicit declaration of function 'fabs' [-Wimplicit-function-declaration]
      if (fabs(feature_map_sw[i][j][k]-feature_map_hw[i][j][k])>0.00001) {
      ^
../src/main.c:250:10: warning: incompatible implicit declaration of built-in function 'fabs'
      if (fabs(feature_map_sw[i][j][k]-feature_map_hw[i][j][k])>0.00001) {
          ^
../src/main.c:110:6: warning: variable 'num_of_trials' set but not used [-Wunused-but-set-variable]
  int num_of_trials = 1;
      ^
'Finished building: ../src/main.c'
' '
'Building file: ../src/platform.c'
'Invoking: ARM gcc compiler'
arm-xilinx-eabi-gcc -Wall -O0 -g3 -c -fmessage-length=0 -MT"src/platform.o" -I../../standalone_bsp_0/ps7_cortexa9_0/include -MMD -MP -MF"src/platform.d" -MT"src/platform.d" -o "src/platform.o" "../src/platform.c"
'Finished building: ../src/platform.c'
' '
'Building target: conv_app.elf'
'Invoking: ARM gcc linker'
arm-xilinx-eabi-gcc -Wl,-T -Wl,../src/lscript.ld -L../../standalone_bsp_0/ps7_cortexa9_0/lib -o "conv_app.elf"  ./src/lib_xconv_hw.o ./src/main.o ./src/platform.o   -Wl,--start-group,-lxil,-lgcc,-lc,--end-group
'Finished building target: conv_app.elf'
' '
'Invoking: ARM Print Size'
arm-xilinx-eabi-size conv_app.elf  |tee "conv_app.elf.size"
   text	   data	    bss	    dec	    hex	filename
  46556	  11960	  53044	 111560	  1b3c8	conv_app.elf
'Finished building: conv_app.elf.size'
' '
18:32:25 **** Auto Build of configuration Debug for project conv_app ****
make all 
'Building file: ../src/main.c'
'Invoking: ARM gcc compiler'
arm-xilinx-eabi-gcc -Wall -O0 -g3 -c -fmessage-length=0 -MT"src/main.o" -I../../standalone_bsp_0/ps7_cortexa9_0/include -MMD -MP -MF"src/main.d" -MT"src/main.d" -o "src/main.o" "../src/main.c"
../src/main.c: In function 'main':
../src/main.c:250:6: warning: implicit declaration of function 'fabs' [-Wimplicit-function-declaration]
      if (fabs(feature_map_sw[i][j][k]-feature_map_hw[i][j][k])>0.00001) {
      ^
../src/main.c:250:10: warning: incompatible implicit declaration of built-in function 'fabs'
      if (fabs(feature_map_sw[i][j][k]-feature_map_hw[i][j][k])>0.00001) {
          ^
../src/main.c:110:6: warning: variable 'num_of_trials' set but not used [-Wunused-but-set-variable]
  int num_of_trials = 1;
      ^
'Finished building: ../src/main.c'
' '
'Building target: conv_app.elf'
'Invoking: ARM gcc linker'
arm-xilinx-eabi-gcc -Wl,-T -Wl,../src/lscript.ld -L../../standalone_bsp_0/ps7_cortexa9_0/lib -o "conv_app.elf"  ./src/lib_xconv_hw.o ./src/main.o ./src/platform.o   -Wl,--start-group,-lxil,-lgcc,-lc,--end-group
'Finished building target: conv_app.elf'
' '
'Invoking: ARM Print Size'
arm-xilinx-eabi-size conv_app.elf  |tee "conv_app.elf.size"
   text	   data	    bss	    dec	    hex	filename
  46556	  11960	  53044	 111560	  1b3c8	conv_app.elf
'Finished building: conv_app.elf.size'
' '
18:33:32 **** Auto Build of configuration Debug for project conv_app ****
make all 
'Building file: ../src/main.c'
'Invoking: ARM gcc compiler'
arm-xilinx-eabi-gcc -Wall -O0 -g3 -c -fmessage-length=0 -MT"src/main.o" -I../../standalone_bsp_0/ps7_cortexa9_0/include -MMD -MP -MF"src/main.d" -MT"src/main.d" -o "src/main.o" "../src/main.c"
../src/main.c: In function 'main':
../src/main.c:250:6: warning: implicit declaration of function 'fabs' [-Wimplicit-function-declaration]
      if (fabs(feature_map_sw[i][j][k]-feature_map_hw[i][j][k])>0.00001) {
      ^
../src/main.c:250:10: warning: incompatible implicit declaration of built-in function 'fabs'
      if (fabs(feature_map_sw[i][j][k]-feature_map_hw[i][j][k])>0.00001) {
          ^
../src/main.c:110:6: warning: variable 'num_of_trials' set but not used [-Wunused-but-set-variable]
  int num_of_trials = 1;
      ^
'Finished building: ../src/main.c'
' '
'Building target: conv_app.elf'
'Invoking: ARM gcc linker'
arm-xilinx-eabi-gcc -Wl,-T -Wl,../src/lscript.ld -L../../standalone_bsp_0/ps7_cortexa9_0/lib -o "conv_app.elf"  ./src/lib_xconv_hw.o ./src/main.o ./src/platform.o   -Wl,--start-group,-lxil,-lgcc,-lc,--end-group
'Finished building target: conv_app.elf'
' '
'Invoking: ARM Print Size'
arm-xilinx-eabi-size conv_app.elf  |tee "conv_app.elf.size"
   text	   data	    bss	    dec	    hex	filename
  46556	  11960	  53044	 111560	  1b3c8	conv_app.elf
'Finished building: conv_app.elf.size'
' '
18:34:56 **** Incremental Build of configuration Debug for project conv_app ****
make all 
make: `all'를 위해 할 일이 없습니다
18:35:22 **** Incremental Build of configuration Debug for project conv_app ****
make all 
make: `all'를 위해 할 일이 없습니다
18:36:02 **** Incremental Build of configuration Debug for project conv_app ****
make all 
make: `all'를 위해 할 일이 없습니다
18:37:28 **** Auto Build of configuration Debug for project conv_app ****
make all 
'Building file: ../src/main.c'
'Invoking: ARM gcc compiler'
arm-xilinx-eabi-gcc -Wall -O0 -g3 -c -fmessage-length=0 -MT"src/main.o" -I../../standalone_bsp_0/ps7_cortexa9_0/include -MMD -MP -MF"src/main.d" -MT"src/main.d" -o "src/main.o" "../src/main.c"
../src/main.c: In function 'main':
../src/main.c:250:6: warning: implicit declaration of function 'fabs' [-Wimplicit-function-declaration]
      if (fabs(feature_map_sw[i][j][k]-feature_map_hw[i][j][k])>0.00001) {
      ^
../src/main.c:250:10: warning: incompatible implicit declaration of built-in function 'fabs'
      if (fabs(feature_map_sw[i][j][k]-feature_map_hw[i][j][k])>0.00001) {
          ^
../src/main.c:110:6: warning: variable 'num_of_trials' set but not used [-Wunused-but-set-variable]
  int num_of_trials = 1;
      ^
'Finished building: ../src/main.c'
' '
'Building target: conv_app.elf'
'Invoking: ARM gcc linker'
arm-xilinx-eabi-gcc -Wl,-T -Wl,../src/lscript.ld -L../../standalone_bsp_0/ps7_cortexa9_0/lib -o "conv_app.elf"  ./src/lib_xconv_hw.o ./src/main.o ./src/platform.o   -Wl,--start-group,-lxil,-lgcc,-lc,--end-group
'Finished building target: conv_app.elf'
' '
'Invoking: ARM Print Size'
arm-xilinx-eabi-size conv_app.elf  |tee "conv_app.elf.size"
   text	   data	    bss	    dec	    hex	filename
  46008	  11960	  53044	 111012	  1b1a4	conv_app.elf
'Finished building: conv_app.elf.size'
' '
18:37:39 **** Incremental Build of configuration Debug for project conv_app ****
make all 
make: `all'를 위해 할 일이 없습니다
